Component: ARM Compiler 5.06 update 7 (build 960) Tool: armlink [4d3601]

==============================================================================

Section Cross References

    startup_stm32h750xx.o(RESET) refers to startup_stm32h750xx.o(STACK) for __initial_sp
    startup_stm32h750xx.o(RESET) refers to startup_stm32h750xx.o(.text) for Reset_Handler
    startup_stm32h750xx.o(RESET) refers to stm32h7xx_it.o(i.NMI_Handler) for NMI_Handler
    startup_stm32h750xx.o(RESET) refers to stm32h7xx_it.o(i.HardFault_Handler) for HardFault_Handler
    startup_stm32h750xx.o(RESET) refers to stm32h7xx_it.o(i.MemManage_Handler) for MemManage_Handler
    startup_stm32h750xx.o(RESET) refers to stm32h7xx_it.o(i.BusFault_Handler) for BusFault_Handler
    startup_stm32h750xx.o(RESET) refers to stm32h7xx_it.o(i.UsageFault_Handler) for UsageFault_Handler
    startup_stm32h750xx.o(RESET) refers to stm32h7xx_it.o(i.SVC_Handler) for SVC_Handler
    startup_stm32h750xx.o(RESET) refers to stm32h7xx_it.o(i.DebugMon_Handler) for DebugMon_Handler
    startup_stm32h750xx.o(RESET) refers to stm32h7xx_it.o(i.PendSV_Handler) for PendSV_Handler
    startup_stm32h750xx.o(RESET) refers to stm32h7xx_it.o(i.SysTick_Handler) for SysTick_Handler
    startup_stm32h750xx.o(RESET) refers to stm32h7xx_it.o(i.USART1_IRQHandler) for USART1_IRQHandler
    startup_stm32h750xx.o(RESET) refers to stm32h7xx_it.o(i.ETH_IRQHandler) for ETH_IRQHandler
    startup_stm32h750xx.o(.text) refers to system_stm32h7xx.o(i.SystemInit) for SystemInit
    startup_stm32h750xx.o(.text) refers to entry.o(.ARM.Collect$$$$00000000) for __main
    main.o(i.MPU_Config) refers to stm32h7xx_hal_cortex.o(i.HAL_MPU_Disable) for HAL_MPU_Disable
    main.o(i.MPU_Config) refers to stm32h7xx_hal_cortex.o(i.HAL_MPU_ConfigRegion) for HAL_MPU_ConfigRegion
    main.o(i.MPU_Config) refers to stm32h7xx_hal_cortex.o(i.HAL_MPU_Enable) for HAL_MPU_Enable
    main.o(i.SystemClock_Config) refers to memseta.o(.text) for __aeabi_memclr4
    main.o(i.SystemClock_Config) refers to stm32h7xx_hal_pwr_ex.o(i.HAL_PWREx_ConfigSupply) for HAL_PWREx_ConfigSupply
    main.o(i.SystemClock_Config) refers to stm32h7xx_hal_rcc.o(i.HAL_RCC_OscConfig) for HAL_RCC_OscConfig
    main.o(i.SystemClock_Config) refers to stm32h7xx_hal_rcc.o(i.HAL_RCC_ClockConfig) for HAL_RCC_ClockConfig
    main.o(i.main) refers to main.o(i.MPU_Config) for MPU_Config
    main.o(i.main) refers to stm32h7xx_hal.o(i.HAL_Init) for HAL_Init
    main.o(i.main) refers to main.o(i.SystemClock_Config) for SystemClock_Config
    main.o(i.main) refers to gpio.o(i.MX_GPIO_Init) for MX_GPIO_Init
    main.o(i.main) refers to usart.o(i.MX_USART1_UART_Init) for MX_USART1_UART_Init
    main.o(i.main) refers to lwip.o(i.MX_LWIP_Init) for MX_LWIP_Init
    main.o(i.main) refers to lwip.o(i.MX_LWIP_Process) for MX_LWIP_Process
    main.o(i.main) refers to stm32h7xx_hal.o(i.HAL_GetTick) for HAL_GetTick
    main.o(i.main) refers to stm32h7xx_hal_uart.o(i.HAL_UART_Transmit) for HAL_UART_Transmit
    main.o(i.main) refers to usart.o(.bss) for huart1
    usart.o(i.HAL_UART_MspDeInit) refers to stm32h7xx_hal_gpio.o(i.HAL_GPIO_DeInit) for HAL_GPIO_DeInit
    usart.o(i.HAL_UART_MspDeInit) refers to stm32h7xx_hal_cortex.o(i.HAL_NVIC_DisableIRQ) for HAL_NVIC_DisableIRQ
    usart.o(i.HAL_UART_MspInit) refers to memseta.o(.text) for __aeabi_memclr4
    usart.o(i.HAL_UART_MspInit) refers to stm32h7xx_hal_rcc_ex.o(i.HAL_RCCEx_PeriphCLKConfig) for HAL_RCCEx_PeriphCLKConfig
    usart.o(i.HAL_UART_MspInit) refers to main.o(i.Error_Handler) for Error_Handler
    usart.o(i.HAL_UART_MspInit) refers to stm32h7xx_hal_gpio.o(i.HAL_GPIO_Init) for HAL_GPIO_Init
    usart.o(i.HAL_UART_MspInit) refers to stm32h7xx_hal_cortex.o(i.HAL_NVIC_SetPriority) for HAL_NVIC_SetPriority
    usart.o(i.HAL_UART_MspInit) refers to stm32h7xx_hal_cortex.o(i.HAL_NVIC_EnableIRQ) for HAL_NVIC_EnableIRQ
    usart.o(i.MX_USART1_UART_Init) refers to stm32h7xx_hal_uart.o(i.HAL_UART_Init) for HAL_UART_Init
    usart.o(i.MX_USART1_UART_Init) refers to main.o(i.Error_Handler) for Error_Handler
    usart.o(i.MX_USART1_UART_Init) refers to stm32h7xx_hal_uart_ex.o(i.HAL_UARTEx_SetTxFifoThreshold) for HAL_UARTEx_SetTxFifoThreshold
    usart.o(i.MX_USART1_UART_Init) refers to stm32h7xx_hal_uart_ex.o(i.HAL_UARTEx_SetRxFifoThreshold) for HAL_UARTEx_SetRxFifoThreshold
    usart.o(i.MX_USART1_UART_Init) refers to stm32h7xx_hal_uart_ex.o(i.HAL_UARTEx_DisableFifoMode) for HAL_UARTEx_DisableFifoMode
    usart.o(i.MX_USART1_UART_Init) refers to usart.o(.bss) for .bss
    stm32h7xx_it.o(i.ETH_IRQHandler) refers to stm32h7xx_hal_eth.o(i.HAL_ETH_IRQHandler) for HAL_ETH_IRQHandler
    stm32h7xx_it.o(i.ETH_IRQHandler) refers to ethernetif.o(.bss) for heth
    stm32h7xx_it.o(i.SysTick_Handler) refers to stm32h7xx_hal.o(i.HAL_IncTick) for HAL_IncTick
    stm32h7xx_it.o(i.USART1_IRQHandler) refers to stm32h7xx_hal_uart.o(i.HAL_UART_IRQHandler) for HAL_UART_IRQHandler
[...]
    BDMA_Channel0_IRQHandler                 0x080002cb   Thumb Code     0  startup_stm32h750xx.o(.text)
    BDMA_Channel1_IRQHandler                 0x080002cb   Thumb Code     0  startup_stm32h750xx.o(.text)
    BDMA_Channel2_IRQHandler                 0x080002cb   Thumb Code     0  startup_stm32h750xx.o(.text)
    BDMA_Channel3_IRQHandler                 0x080002cb   Thumb Code     0  startup_stm32h750xx.o(.text)
    BDMA_Channel4_IRQHandler                 0x080002cb   Thumb Code     0  startup_stm32h750xx.o(.text)
    BDMA_Channel5_IRQHandler                 0x080002cb   Thumb Code     0  startup_stm32h750xx.o(.text)
    BDMA_Channel6_IRQHandler                 0x080002cb   Thumb Code     0  startup_stm32h750xx.o(.text)
    BDMA_Channel7_IRQHandler                 0x080002cb   Thumb Code     0  startup_stm32h750xx.o(.text)
    CEC_IRQHandler                           0x080002cb   Thumb Code     0  startup_stm32h750xx.o(.text)
    COMP1_IRQHandler                         0x080002cb   Thumb Code     0  startup_stm32h750xx.o(.text)
    CRS_IRQHandler                           0x080002cb   Thumb Code     0  startup_stm32h750xx.o(.text)
    CRYP_IRQHandler                          0x080002cb   Thumb Code     0  startup_stm32h750xx.o(.text)
    DCMI_IRQHandler                          0x080002cb   Thumb Code     0  startup_stm32h750xx.o(.text)
    DFSDM1_FLT0_IRQHandler                   0x080002cb   Thumb Code     0  startup_stm32h750xx.o(.text)
    DFSDM1_FLT1_IRQHandler                   0x080002cb   Thumb Code     0  startup_stm32h750xx.o(.text)
    DFSDM1_FLT2_IRQHandler                   0x080002cb   Thumb Code     0  startup_stm32h750xx.o(.text)
    DFSDM1_FLT3_IRQHandler                   0x080002cb   Thumb Code     0  startup_stm32h750xx.o(.text)
    DMA1_Stream0_IRQHandler                  0x080002cb   Thumb Code     0  startup_stm32h750xx.o(.text)
    DMA1_Stream1_IRQHandler                  0x080002cb   Thumb Code     0  startup_stm32h750xx.o(.text)
    DMA1_Stream2_IRQHandler                  0x080002cb   Thumb Code     0  startup_stm32h750xx.o(.text)
    DMA1_Stream3_IRQHandler                  0x080002cb   Thumb Code     0  startup_stm32h750xx.o(.text)
    DMA1_Stream4_IRQHandler                  0x080002cb   Thumb Code     0  startup_stm32h750xx.o(.text)
    DMA1_Stream5_IRQHandler                  0x080002cb   Thumb Code     0  startup_stm32h750xx.o(.text)
    DMA1_Stream6_IRQHandler                  0x080002cb   Thumb Code     0  startup_stm32h750xx.o(.text)
    DMA1_Stream7_IRQHandler                  0x080002cb   Thumb Code     0  startup_stm32h750xx.o(.text)
    DMA2D_IRQHandler                         0x080002cb   Thumb Code     0  startup_stm32h750xx.o(.text)
    DMA2_Stream0_IRQHandler                  0x080002cb   Thumb Code     0  startup_stm32h750xx.o(.text)
    DMA2_Stream1_IRQHandler                  0x080002cb   Thumb Code     0  startup_stm32h750xx.o(.text)
    DMA2_Stream2_IRQHandler                  0x080002cb   Thumb Code     0  startup_stm32h750xx.o(.text)
    DMA2_Stream3_IRQHandler                  0x080002cb   Thumb Code     0  startup_stm32h750xx.o(.text)
    DMA2_Stream4_IRQHandler                  0x080002cb   Thumb Code     0  startup_stm32h750xx.o(.text)
    DMA2_Stream5_IRQHandler                  0x080002cb   Thumb Code     0  startup_stm32h750xx.o(.text)
    DMA2_Stream6_IRQHandler                  0x080002cb   Thumb Code     0  startup_stm32h750xx.o(.text)
    DMA2_Stream7_IRQHandler                  0x080002cb   Thumb Code     0  startup_stm32h750xx.o(.text)
    DMAMUX1_OVR_IRQHandler                   0x080002cb   Thumb Code     0  startup_stm32h750xx.o(.text)
    DMAMUX2_OVR_IRQHandler                   0x080002cb   Thumb Code     0  startup_stm32h750xx.o(.text)
    ECC_IRQHandler                           0x080002cb   Thumb Code     0  startup_stm32h750xx.o(.text)
    ETH_WKUP_IRQHandler                      0x080002cb   Thumb Code     0  startup_stm32h750xx.o(.text)
    EXTI0_IRQHandler                         0x080002cb   Thumb Code     0  startup_stm32h750xx.o(.text)
    EXTI15_10_IRQHandler                     0x080002cb   Thumb Code     0  startup_stm32h750xx.o(.text)
    EXTI1_IRQHandler                         0x080002cb   Thumb Code     0  startup_stm32h750xx.o(.text)
    EXTI2_IRQHandler                         0x080002cb   Thumb Code     0  startup_stm32h750xx.o(.text)
    EXTI3_IRQHandler                         0x080002cb   Thumb Code     0  startup_stm32h750xx.o(.text)
    EXTI4_IRQHandler                         0x080002cb   Thumb Code     0  startup_stm32h750xx.o(.text)
    EXTI9_5_IRQHandler                       0x080002cb   Thumb Code     0  startup_stm32h750xx.o(.text)
    FDCAN1_IT0_IRQHandler                    0x080002cb   Thumb Code     0  startup_stm32h750xx.o(.text)
    FDCAN1_IT1_IRQHandler                    0x080002cb   Thumb Code     0  startup_stm32h750xx.o(.text)
    FDCAN2_IT0_IRQHandler                    0x080002cb   Thumb Code     0  startup_stm32h750xx.o(.text)
    FDCAN2_IT1_IRQHandler                    0x080002cb   Thumb Code     0  startup_stm32h750xx.o(.text)
    FDCAN_CAL_IRQHandler                     0x080002cb   Thumb Code     0  startup_stm32h750xx.o(.text)
    FLASH_IRQHandler                         0x080002cb   Thumb Code     0  startup_stm32h750xx.o(.text)
    FMC_IRQHandler                           0x080002cb   Thumb Code     0  startup_stm32h750xx.o(.text)
    FPU_IRQHandler                           0x080002cb   Thumb Code     0  startup_stm32h750xx.o(.text)
    HASH_RNG_IRQHandler                      0x080002cb   Thumb Code     0  startup_stm32h750xx.o(.text)
    HRTIM1_FLT_IRQHandler                    0x080002cb   Thumb Code     0  startup_stm32h750xx.o(.text)
    HRTIM1_Master_IRQHandler                 0x080002cb   Thumb Code     0  startup_stm32h750xx.o(.text)
    HRTIM1_TIMA_IRQHandler                   0x080002cb   Thumb Code     0  startup_stm32h750xx.o(.text)
    HRTIM1_TIMB_IRQHandler                   0x080002cb   Thumb Code     0  startup_stm32h750xx.o(.text)
    HRTIM1_TIMC_IRQHandler                   0x080002cb   Thumb Code     0  startup_stm32h750xx.o(.text)
    HRTIM1_TIMD_IRQHandler                   0x080002cb   Thumb Code     0  startup_stm32h750xx.o(.text)
    HRTIM1_TIME_IRQHandler                   0x080002cb   Thumb Code     0  startup_stm32h750xx.o(.text)
    HSEM1_IRQHandler                         0x080002cb   Thumb Code     0  startup_stm32h750xx.o(.text)
    I2C1_ER_IRQHandler                       0x080002cb   Thumb Code     0  startup_stm32h750xx.o(.text)
    I2C1_EV_IRQHandler                       0x080002cb   Thumb Code     0  startup_stm32h750xx.o(.text)
    I2C2_ER_IRQHandler                       0x080002cb   Thumb Code     0  startup_stm32h750xx.o(.text)
    I2C2_EV_IRQHandler                       0x080002cb   Thumb Code     0  startup_stm32h750xx.o(.text)
    I2C3_ER_IRQHandler                       0x080002cb   Thumb Code     0  startup_stm32h750xx.o(.text)
    I2C3_EV_IRQHandler                       0x080002cb   Thumb Code     0  startup_stm32h750xx.o(.text)
    I2C4_ER_IRQHandler                       0x080002cb   Thumb Code     0  startup_stm32h750xx.o(.text)
    I2C4_EV_IRQHandler                       0x080002cb   Thumb Code     0  startup_stm32h750xx.o(.text)
    JPEG_IRQHandler                          0x080002cb   Thumb Code     0  startup_stm32h750xx.o(.text)
    LPTIM1_IRQHandler                        0x080002cb   Thumb Code     0  startup_stm32h750xx.o(.text)
    LPTIM2_IRQHandler                        0x080002cb   Thumb Code     0  startup_stm32h750xx.o(.text)
    LPTIM3_IRQHandler                        0x080002cb   Thumb Code     0  startup_stm32h750xx.o(.text)
    LPTIM4_IRQHandler                        0x080002cb   Thumb Code     0  startup_stm32h750xx.o(.text)
    LPTIM5_IRQHandler                        0x080002cb   Thumb Code     0  startup_stm32h750xx.o(.text)
    LPUART1_IRQHandler                       0x080002cb   Thumb Code     0  startup_stm32h750xx.o(.text)
    LTDC_ER_IRQHandler                       0x080002cb   Thumb Code     0  startup_stm32h750xx.o(.text)
    LTDC_IRQHandler                          0x080002cb   Thumb Code     0  startup_stm32h750xx.o(.text)
    MDIOS_IRQHandler                         0x080002cb   Thumb Code     0  startup_stm32h750xx.o(.text)
    MDIOS_WKUP_IRQHandler                    0x080002cb   Thumb Code     0  startup_stm32h750xx.o(.text)
    MDMA_IRQHandler                          0x080002cb   Thumb Code     0  startup_stm32h750xx.o(.text)
    OTG_FS_EP1_IN_IRQHandler                 0x080002cb   Thumb Code     0  startup_stm32h750xx.o(.text)
    OTG_FS_EP1_OUT_IRQHandler                0x080002cb   Thumb Code     0  startup_stm32h750xx.o(.text)
    OTG_FS_IRQHandler                        0x080002cb   Thumb Code     0  startup_stm32h750xx.o(.text)
    OTG_FS_WKUP_IRQHandler                   0x080002cb   Thumb Code     0  startup_stm32h750xx.o(.text)
    OTG_HS_EP1_IN_IRQHandler                 0x080002cb   Thumb Code     0  startup_stm32h750xx.o(.text)
    OTG_HS_EP1_OUT_IRQHandler                0x080002cb   Thumb Code     0  startup_stm32h750xx.o(.text)
    OTG_HS_IRQHandler                        0x080002cb   Thumb Code     0  startup_stm32h750xx.o(.text)
    OTG_HS_WKUP_IRQHandler                   0x080002cb   Thumb Code     0  startup_stm32h750xx.o(.text)
    PVD_AVD_IRQHandler                       0x080002cb   Thumb Code     0  startup_stm32h750xx.o(.text)
    QUADSPI_IRQHandler                       0x080002cb   Thumb Code     0  startup_stm32h750xx.o(.text)
    RCC_IRQHandler                           0x080002cb   Thumb Code     0  startup_stm32h750xx.o(.text)
    RTC_Alarm_IRQHandler                     0x080002cb   Thumb Code     0  startup_stm32h750xx.o(.text)
    RTC_WKUP_IRQHandler                      0x080002cb   Thumb Code     0  startup_stm32h750xx.o(.text)
    SAI1_IRQHandler                          0x080002cb   Thumb Code     0  startup_stm32h750xx.o(.text)
    SAI2_IRQHandler                          0x080002cb   Thumb Code     0  startup_stm32h750xx.o(.text)
    SAI3_IRQHandler                          0x080002cb   Thumb Code     0  startup_stm32h750xx.o(.text)
    SAI4_IRQHandler                          0x080002cb   Thumb Code     0  startup_stm32h750xx.o(.text)
    SDMMC1_IRQHandler                        0x080002cb   Thumb Code     0  startup_stm32h750xx.o(.text)
    SDMMC2_IRQHandler                        0x080002cb   Thumb Code     0  startup_stm32h750xx.o(.text)
    SPDIF_RX_IRQHandler                      0x080002cb   Thumb Code     0  startup_stm32h750xx.o(.text)
    SPI1_IRQHandler                          0x080002cb   Thumb Code     0  startup_stm32h750xx.o(.text)
    SPI2_IRQHandler                          0x080002cb   Thumb Code     0  startup_stm32h750xx.o(.text)
    SPI3_IRQHandler                          0x080002cb   Thumb Code     0  startup_stm32h750xx.o(.text)
    SPI4_IRQHandler                          0x080002cb   Thumb Code     0  startup_stm32h750xx.o(.text)
    SPI5_IRQHandler                          0x080002cb   Thumb Code     0  startup_stm32h750xx.o(.text)
    SPI6_IRQHandler                          0x080002cb   Thumb Code     0  startup_stm32h750xx.o(.text)
    SWPMI1_IRQHandler                        0x080002cb   Thumb Code     0  startup_stm32h750xx.o(.text)
    TAMP_STAMP_IRQHandler                    0x080002cb   Thumb Code     0  startup_stm32h750xx.o(.text)
    TIM15_IRQHandler                         0x080002cb   Thumb Code     0  startup_stm32h750xx.o(.text)
    TIM16_IRQHandler                         0x080002cb   Thumb Code     0  startup_stm32h750xx.o(.text)
    TIM17_IRQHandler                         0x080002cb   Thumb Code     0  startup_stm32h750xx.o(.text)
    TIM1_BRK_IRQHandler                      0x080002cb   Thumb Code     0  startup_stm32h750xx.o(.text)
    TIM1_CC_IRQHandler                       0x080002cb   Thumb Code     0  startup_stm32h750xx.o(.text)
    TIM1_TRG_COM_IRQHandler                  0x080002cb   Thumb Code     0  startup_stm32h750xx.o(.text)
    TIM1_UP_IRQHandler                       0x080002cb   Thumb Code     0  startup_stm32h750xx.o(.text)
    TIM2_IRQHandler                          0x080002cb   Thumb Code     0  startup_stm32h750xx.o(.text)
    TIM3_IRQHandler                          0x080002cb   Thumb Code     0  startup_stm32h750xx.o(.text)
    TIM4_IRQHandler                          0x080002cb   Thumb Code     0  startup_stm32h750xx.o(.text)
    TIM5_IRQHandler                          0x080002cb   Thumb Code     0  startup_stm32h750xx.o(.text)
    TIM6_DAC_IRQHandler                      0x080002cb   Thumb Code     0  startup_stm32h750xx.o(.text)
    TIM7_IRQHandler                          0x080002cb   Thumb Code     0  startup_stm32h750xx.o(.text)
    TIM8_BRK_TIM12_IRQHandler                0x080002cb   Thumb Code     0  startup_stm32h750xx.o(.text)
    TIM8_CC_IRQHandler                       0x080002cb   Thumb Code     0  startup_stm32h750xx.o(.text)
    TIM8_TRG_COM_TIM14_IRQHandler            0x080002cb   Thumb Code     0  startup_stm32h750xx.o(.text)
    TIM8_UP_TIM13_IRQHandler                 0x080002cb   Thumb Code     0  startup_stm32h750xx.o(.text)
    UART4_IRQHandler                         0x080002cb   Thumb Code     0  startup_stm32h750xx.o(.text)
    UART5_IRQHandler                         0x080002cb   Thumb Code     0  startup_stm32h750xx.o(.text)
    UART7_IRQHandler                         0x080002cb   Thumb Code     0  startup_stm32h750xx.o(.text)
    UART8_IRQHandler                         0x080002cb   Thumb Code     0  startup_stm32h750xx.o(.text)
    USART2_IRQHandler                        0x080002cb   Thumb Code     0  startup_stm32h750xx.o(.text)
    USART3_IRQHandler                        0x080002cb   Thumb Code     0  startup_stm32h750xx.o(.text)
    USART6_IRQHandler                        0x080002cb   Thumb Code     0  startup_stm32h750xx.o(.text)
    WAKEUP_PIN_IRQHandler                    0x080002cb   Thumb Code     0  startup_stm32h750xx.o(.text)
    WWDG_IRQHandler                          0x080002cb   Thumb Code     0  startup_stm32h750xx.o(.text)
    __aeabi_uldivmod                         0x080002d5   Thumb Code    98  uldiv.o(.text)
    rand                                     0x08000339   Thumb Code    20  rand.o(.text)
    srand                                    0x0800034d   Thumb Code     6  rand.o(.text)
    ___aeabi_memcpy4$move                    0x0800035d   Thumb Code     0  memmovea.o(.text)
    ___aeabi_memcpy8$move                    0x0800035d   Thumb Code     0  memmovea.o(.text)
    __aeabi_memcpy                           0x0800035d   Thumb Code    64  memmovea.o(.text)
    __aeabi_memmove                          0x0800035d   Thumb Code     0  memmovea.o(.text)
    __aeabi_memmove4                         0x0800035d   Thumb Code     0  memmovea.o(.text)
    __aeabi_memmove8                         0x0800035d   Thumb Code     0  memmovea.o(.text)
    __aeabi_memset                           0x0800039d   Thumb Code    14  memseta.o(.text)
    __aeabi_memset4                          0x0800039d   Thumb Code     0  memseta.o(.text)
    __aeabi_memset8                          0x0800039d   Thumb Code     0  memseta.o(.text)
    __aeabi_memclr                           0x080003ab   Thumb Code     4  memseta.o(.text)
    __aeabi_memclr4                          0x080003ab   Thumb Code     0  memseta.o(.text)
    __aeabi_memclr8                          0x080003ab   Thumb Code     0  memseta.o(.text)
    _memset$wrapper                          0x080003af   Thumb Code    18  memseta.o(.text)
    memcmp                                   0x080003c1   Thumb Code    26  memcmp.o(.text)
    __aeabi_uidiv                            0x080003db   Thumb Code     0  uidiv.o(.text)
    __aeabi_uidivmod                         0x080003db   Thumb Code    44  uidiv.o(.text)
    __aeabi_llsl                             0x08000407   Thumb Code    30  llshl.o(.text)
    _ll_shift_l                              0x08000407   Thumb Code     0  llshl.o(.text)
    __aeabi_llsr                             0x08000425   Thumb Code    32  llushr.o(.text)
    _ll_ushift_r                             0x08000425   Thumb Code     0  llushr.o(.text)
    __scatterload                            0x08000445   Thumb Code    28  init.o(.text)
    __scatterload_rt2                        0x08000445   Thumb Code     0  init.o(.text)
    BusFault_Handler                         0x08000469   Thumb Code     2  stm32h7xx_it.o(i.BusFault_Handler)
    __I$use$semihosting$fputc                0x08000469   Thumb Code     0  iusesemip.o(.text)
    __semihosting_library_function           0x08000469   Thumb Code     0  semi.o(.text)
    DebugMon_Handler                         0x0800046b   Thumb Code     2  stm32h7xx_it.o(i.DebugMon_Handler)
    ETH_IRQHandler                           0x0800046d   Thumb Code     6  stm32h7xx_it.o(i.ETH_IRQHandler)
    ETH_PHY_IO_DeInit                        0x08000551   Thumb Code     4  ethernetif.o(i.ETH_PHY_IO_DeInit)
    ETH_PHY_IO_GetTick                       0x08000555   Thumb Code     4  ethernetif.o(i.ETH_PHY_IO_GetTick)
    ETH_PHY_IO_Init                          0x08000559   Thumb Code    12  ethernetif.o(i.ETH_PHY_IO_Init)
    ETH_PHY_IO_ReadReg                       0x08000569   Thumb Code    26  ethernetif.o(i.ETH_PHY_IO_ReadReg)
    ETH_PHY_IO_WriteReg                      0x08000589   Thumb Code    26  ethernetif.o(i.ETH_PHY_IO_WriteReg)
    Error_Handler                            0x08000bd9   Thumb Code     4  main.o(i.Error_Handler)
    HAL_DMA_Abort                            0x08000c05   Thumb Code   836  stm32h7xx_hal_dma.o(i.HAL_DMA_Abort)
    HAL_DMA_Abort_IT                         0x08000f65   Thumb Code   602  stm32h7xx_hal_dma.o(i.HAL_DMA_Abort_IT)
    HAL_ETH_EEECallback                      0x080011e9   Thumb Code     2  stm32h7xx_hal_eth.o(i.HAL_ETH_EEECallback)
    HAL_ETH_ErrorCallback                    0x080011eb   Thumb Code     2  stm32h7xx_hal_eth.o(i.HAL_ETH_ErrorCallback)
    HAL_ETH_GetMACConfig                     0x080011ed   Thumb Code   460  stm32h7xx_hal_eth.o(i.HAL_ETH_GetMACConfig)
    HAL_ETH_IRQHandler                       0x080013b9   Thumb Code   320  stm32h7xx_hal_eth.o(i.HAL_ETH_IRQHandler)
    HAL_ETH_Init                             0x080014f9   Thumb Code   422  stm32h7xx_hal_eth.o(i.HAL_ETH_Init)
    HAL_ETH_MspInit                          0x080016ad   Thumb Code   214  ethernetif.o(i.HAL_ETH_MspInit)
    HAL_ETH_PMTCallback                      0x08001799   Thumb Code     2  stm32h7xx_hal_eth.o(i.HAL_ETH_PMTCallback)
    HAL_ETH_ReadData                         0x0800179b   Thumb Code   238  stm32h7xx_hal_eth.o(i.HAL_ETH_ReadData)
    HAL_ETH_ReadPHYRegister                  0x08001889   Thumb Code   100  stm32h7xx_hal_eth.o(i.HAL_ETH_ReadPHYRegister)
    HAL_ETH_RxAllocateCallback               0x080018ed   Thumb Code    64  ethernetif.o(i.HAL_ETH_RxAllocateCallback)
    HAL_ETH_RxCpltCallback                   0x08001939   Thumb Code     2  stm32h7xx_hal_eth.o(i.HAL_ETH_RxCpltCallback)
    HAL_ETH_RxLinkCallback                   0x0800193d   Thumb Code   100  ethernetif.o(i.HAL_ETH_RxLinkCallback)
    HAL_ETH_SetMACConfig                     0x080019a5   Thumb Code    24  stm32h7xx_hal_eth.o(i.HAL_ETH_SetMACConfig)
    HAL_ETH_SetMDIOClockRange                0x080019bd   Thumb Code    88  stm32h7xx_hal_eth.o(i.HAL_ETH_SetMDIOClockRange)
    HAL_ETH_Start                            0x08001a35   Thumb Code   128  stm32h7xx_hal_eth.o(i.HAL_ETH_Start)
    HAL_ETH_Stop                             0x08001ab5   Thumb Code    98  stm32h7xx_hal_eth.o(i.HAL_ETH_Stop)
    HAL_ETH_Transmit                         0x08001b17   Thumb Code   196  stm32h7xx_hal_eth.o(i.HAL_ETH_Transmit)
    HAL_ETH_TxCpltCallback                   0x08001bdb   Thumb Code     2  stm32h7xx_hal_eth.o(i.HAL_ETH_TxCpltCallback)
    HAL_ETH_WakeUpCallback                   0x08001bdd   Thumb Code     2  stm32h7xx_hal_eth.o(i.HAL_ETH_WakeUpCallback)
    HAL_ETH_WritePHYRegister                 0x08001be1   Thumb Code    94  stm32h7xx_hal_eth.o(i.HAL_ETH_WritePHYRegister)
    HAL_GPIO_Init                            0x08001c45   Thumb Code   506  stm32h7xx_hal_gpio.o(i.HAL_GPIO_Init)
    HAL_GetREVID                             0x08001e71   Thumb Code     8  stm32h7xx_hal.o(i.HAL_GetREVID)
    HAL_GetTick                              0x08001e7d   Thumb Code     6  stm32h7xx_hal.o(i.HAL_GetTick)
    HAL_IncTick                              0x08001e89   Thumb Code    12  stm32h7xx_hal.o(i.HAL_IncTick)
    HAL_Init                                 0x08001e99   Thumb Code    74  stm32h7xx_hal.o(i.HAL_Init)
    HAL_InitTick                             0x08001ef5   Thumb Code    56  stm32h7xx_hal.o(i.HAL_InitTick)
    HAL_MPU_ConfigRegion                     0x08001f35   Thumb Code    86  stm32h7xx_hal_cortex.o(i.HAL_MPU_ConfigRegion)
    HAL_MPU_Disable                          0x08001f91   Thumb Code    24  stm32h7xx_hal_cortex.o(i.HAL_MPU_Disable)
    HAL_MPU_Enable                           0x08001fad   Thumb Code    30  stm32h7xx_hal_cortex.o(i.HAL_MPU_Enable)
    HAL_MspInit                              0x08001fd1   Thumb Code    22  stm32h7xx_hal_msp.o(i.HAL_MspInit)
    HAL_NVIC_EnableIRQ                       0x08001fed   Thumb Code    26  stm32h7xx_hal_cortex.o(i.HAL_NVIC_EnableIRQ)
    HAL_NVIC_SetPriority                     0x08002009   Thumb Code    60  stm32h7xx_hal_cortex.o(i.HAL_NVIC_SetPriority)
    HAL_NVIC_SetPriorityGrouping             0x08002049   Thumb Code    28  stm32h7xx_hal_cortex.o(i.HAL_NVIC_SetPriorityGrouping)
    HAL_PWREx_ConfigSupply                   0x0800206d   Thumb Code    78  stm32h7xx_hal_pwr_ex.o(i.HAL_PWREx_ConfigSupply)
    HAL_RCCEx_GetD3PCLK1Freq                 0x080020c1   Thumb Code    26  stm32h7xx_hal_rcc_ex.o(i.HAL_RCCEx_GetD3PCLK1Freq)
    HAL_RCCEx_GetPLL2ClockFreq               0x080020e5   Thumb Code   296  stm32h7xx_hal_rcc_ex.o(i.HAL_RCCEx_GetPLL2ClockFreq)
    HAL_RCCEx_GetPLL3ClockFreq               0x08002229   Thumb Code   296  stm32h7xx_hal_rcc_ex.o(i.HAL_RCCEx_GetPLL3ClockFreq)
    HAL_RCCEx_PeriphCLKConfig                0x0800236d   Thumb Code  2472  stm32h7xx_hal_rcc_ex.o(i.HAL_RCCEx_PeriphCLKConfig)
    HAL_RCC_ClockConfig                      0x08002d19   Thumb Code   580  stm32h7xx_hal_rcc.o(i.HAL_RCC_ClockConfig)
    HAL_RCC_GetHCLKFreq                      0x08002f75   Thumb Code    52  stm32h7xx_hal_rcc.o(i.HAL_RCC_GetHCLKFreq)
    HAL_RCC_GetPCLK1Freq                     0x08002fb9   Thumb Code    26  stm32h7xx_hal_rcc.o(i.HAL_RCC_GetPCLK1Freq)
    HAL_RCC_GetPCLK2Freq                     0x08002fdd   Thumb Code    26  stm32h7xx_hal_rcc.o(i.HAL_RCC_GetPCLK2Freq)
    HAL_RCC_GetSysClockFreq                  0x08003001   Thumb Code   278  stm32h7xx_hal_rcc.o(i.HAL_RCC_GetSysClockFreq)
    HAL_RCC_OscConfig                        0x08003139   Thumb Code  1410  stm32h7xx_hal_rcc.o(i.HAL_RCC_OscConfig)
    HAL_SYSCFG_ETHInterfaceSelect            0x080036bd   Thumb Code    14  stm32h7xx_hal.o(i.HAL_SYSCFG_ETHInterfaceSelect)
    HAL_SYSTICK_Config                       0x080036d1   Thumb Code    38  stm32h7xx_hal_cortex.o(i.HAL_SYSTICK_Config)
    HAL_UARTEx_DisableFifoMode               0x080036f7   Thumb Code    64  stm32h7xx_hal_uart_ex.o(i.HAL_UARTEx_DisableFifoMode)
    HAL_UARTEx_RxEventCallback               0x08003737   Thumb Code     2  stm32h7xx_hal_uart.o(i.HAL_UARTEx_RxEventCallback)
    HAL_UARTEx_RxFifoFullCallback            0x08003739   Thumb Code     2  stm32h7xx_hal_uart_ex.o(i.HAL_UARTEx_RxFifoFullCallback)
    HAL_UARTEx_SetRxFifoThreshold            0x0800373b   Thumb Code    76  stm32h7xx_hal_uart_ex.o(i.HAL_UARTEx_SetRxFifoThreshold)
    HAL_UARTEx_SetTxFifoThreshold            0x08003787   Thumb Code    76  stm32h7xx_hal_uart_ex.o(i.HAL_UARTEx_SetTxFifoThreshold)
    HAL_UARTEx_TxFifoEmptyCallback           0x080037d3   Thumb Code     2  stm32h7xx_hal_uart_ex.o(i.HAL_UARTEx_TxFifoEmptyCallback)
    HAL_UARTEx_WakeupCallback                0x080037d5   Thumb Code     2  stm32h7xx_hal_uart_ex.o(i.HAL_UARTEx_WakeupCallback)
    HAL_UART_ErrorCallback                   0x080037d7   Thumb Code     2  stm32h7xx_hal_uart.o(i.HAL_UART_ErrorCallback)
    HAL_UART_IRQHandler                      0x080037d9   Thumb Code   878  stm32h7xx_hal_uart.o(i.HAL_UART_IRQHandler)
    HAL_UART_Init                            0x08003b61   Thumb Code   106  stm32h7xx_hal_uart.o(i.HAL_UART_Init)
    HAL_UART_MspInit                         0x08003bcd   Thumb Code   138  usart.o(i.HAL_UART_MspInit)
    HAL_UART_Transmit                        0x08003c65   Thumb Code   176  stm32h7xx_hal_uart.o(i.HAL_UART_Transmit)
    HAL_UART_TxCpltCallback                  0x08003d15   Thumb Code     2  stm32h7xx_hal_uart.o(i.HAL_UART_TxCpltCallback)
    HardFault_Handler                        0x08003d17   Thumb Code     2  stm32h7xx_it.o(i.HardFault_Handler)
    LAN8742_GetLinkState                     0x08003d19   Thumb Code   188  lan8742.o(i.LAN8742_GetLinkState)
    LAN8742_Init                             0x08003dd5   Thumb Code   210  lan8742.o(i.LAN8742_Init)
    LAN8742_RegisterBusIO                    0x08003ea7   Thumb Code    46  lan8742.o(i.LAN8742_RegisterBusIO)
    MX_GPIO_Init                             0x08003f49   Thumb Code    70  gpio.o(i.MX_GPIO_Init)
    MX_LWIP_Init                             0x08003f95   Thumb Code   312  lwip.o(i.MX_LWIP_Init)
    MX_LWIP_Process                          0x080040e1   Thumb Code    22  lwip.o(i.MX_LWIP_Process)
    MX_USART1_UART_Init                      0x080040fd   Thumb Code    94  usart.o(i.MX_USART1_UART_Init)
    MemManage_Handler                        0x08004165   Thumb Code     2  stm32h7xx_it.o(i.MemManage_Handler)
    NMI_Handler                              0x08004167   Thumb Code     2  stm32h7xx_it.o(i.NMI_Handler)
    PendSV_Handler                           0x08004169   Thumb Code     2  stm32h7xx_it.o(i.PendSV_Handler)
    SVC_Handler                              0x080043ad   Thumb Code     2  stm32h7xx_it.o(i.SVC_Handler)
    SysTick_Handler                          0x080043af   Thumb Code     4  stm32h7xx_it.o(i.SysTick_Handler)
    SystemClock_Config                       0x080043b5   Thumb Code   208  main.o(i.SystemClock_Config)
    SystemInit                               0x08004491   Thumb Code   180  system_stm32h7xx.o(i.SystemInit)
    UART_AdvFeatureConfig                    0x080045b1   Thumb Code   200  stm32h7xx_hal_uart.o(i.UART_AdvFeatureConfig)
    UART_CheckIdleState                      0x08004679   Thumb Code   170  stm32h7xx_hal_uart.o(i.UART_CheckIdleState)
    UART_SetConfig                           0x0800478d   Thumb Code   876  stm32h7xx_hal_uart.o(i.UART_SetConfig)
    UART_WaitOnFlagUntilTimeout              0x08004b39   Thumb Code   140  stm32h7xx_hal_uart.o(i.UART_WaitOnFlagUntilTimeout)
    USART1_IRQHandler                        0x08004bc5   Thumb Code     6  stm32h7xx_it.o(i.USART1_IRQHandler)
    UsageFault_Handler                       0x08004bd1   Thumb Code     2  stm32h7xx_it.o(i.UsageFault_Handler)
    __0printf$3                              0x08004bd5   Thumb Code    22  printf3.o(i.__0printf$3)
    __1printf$3                              0x08004bd5   Thumb Code     0  printf3.o(i.__0printf$3)
    __2printf                                0x08004bd5   Thumb Code     0  printf3.o(i.__0printf$3)
    __scatterload_copy                       0x08004c17   Thumb Code    14  handlers.o(i.__scatterload_copy)
    __scatterload_null                       0x08004c25   Thumb Code     2  handlers.o(i.__scatterload_null)
    __scatterload_zeroinit                   0x08004c27   Thumb Code    14  handlers.o(i.__scatterload_zeroinit)
    etharp_cleanup_netif                     0x08004f35   Thumb Code    40  etharp.o(i.etharp_cleanup_netif)
    etharp_input                             0x08005209   Thumb Code   166  etharp.o(i.etharp_input)
    etharp_output                            0x08005321   Thumb Code   320  etharp.o(i.etharp_output)
    etharp_query                             0x080055fd   Thumb Code   330  etharp.o(i.etharp_query)
    etharp_request                           0x08005981   Thumb Code     6  etharp.o(i.etharp_request)
    etharp_tmr                               0x080059b5   Thumb Code    94  etharp.o(i.etharp_tmr)
    ethernet_input                           0x08005b35   Thumb Code   172  ethernet.o(i.ethernet_input)
    ethernet_link_check_state                0x08005be5   Thumb Code   164  ethernetif.o(i.ethernet_link_check_state)
    ethernet_output                          0x08005c95   Thumb Code    96  ethernet.o(i.ethernet_output)
    ethernetif_init                          0x08005d89   Thumb Code    52  ethernetif.o(i.ethernetif_init)
    ethernetif_input                         0x08005e19   Thumb Code    36  ethernetif.o(i.ethernetif_input)
    fputc                                    0x08005e3d   Thumb Code    18  fputc.o(i.fputc)
    icmp_dest_unreach                        0x08005e4f   Thumb Code     8  icmp.o(i.icmp_dest_unreach)
    icmp_input                               0x08005e59   Thumb Code   370  icmp.o(i.icmp_input)
    icmp_time_exceeded                       0x080061bd   Thumb Code     8  icmp.o(i.icmp_time_exceeded)
    inet_chksum                              0x080061c5   Thumb Code    16  inet_chksum.o(i.inet_chksum)
    inet_chksum_pbuf                         0x080061d5   Thumb Code    78  inet_chksum.o(i.inet_chksum_pbuf)
    ip4_addr_isbroadcast_u32                 0x08006223   Thumb Code    80  ip4_addr.o(i.ip4_addr_isbroadcast_u32)
    ip4_frag                                 0x08006275   Thumb Code   484  ip4_frag.o(i.ip4_frag)
    ip4_input                                0x0800650d   Thumb Code   412  ip4.o(i.ip4_input)
    ip4_output_if                            0x080066dd   Thumb Code    44  ip4.o(i.ip4_output_if)
    ip4_output_if_src                        0x08006709   Thumb Code   232  ip4.o(i.ip4_output_if_src)
    ip4_reass                                0x08006891   Thumb Code   464  ip4_frag.o(i.ip4_reass)
    ip4_route                                0x08006b05   Thumb Code   110  ip4.o(i.ip4_route)
    ip_reass_tmr                             0x080071f1   Thumb Code    42  ip4_frag.o(i.ip_reass_tmr)
    lwip_htonl                               0x080074d1   Thumb Code    24  def.o(i.lwip_htonl)
    lwip_htons                               0x080074e9   Thumb Code    10  def.o(i.lwip_htons)
    lwip_init                                0x080074f3   Thumb Code    30  init.o(i.lwip_init)
    lwip_standard_chksum                     0x08007511   Thumb Code    90  inet_chksum.o(i.lwip_standard_chksum)
    main                                     0x0800756d   Thumb Code   206  main.o(i.main)
    mem_free                                 0x0800765d   Thumb Code   142  mem.o(i.mem_free)
    mem_init                                 0x080077e5   Thumb Code    42  mem.o(i.mem_init)
    mem_malloc                               0x08007869   Thumb Code   340  mem.o(i.mem_malloc)
    mem_trim                                 0x08007add   Thumb Code   344  mem.o(i.mem_trim)
    memp_free                                0x08007cdd   Thumb Code    34  memp.o(i.memp_free)
    memp_free_pool                           0x08007d79   Thumb Code    46  memp.o(i.memp_free_pool)
    memp_init                                0x08007e15   Thumb Code    24  memp.o(i.memp_init)
    memp_init_pool                           0x08007e31   Thumb Code    46  memp.o(i.memp_init_pool)
    memp_malloc                              0x08007e61   Thumb Code    38  memp.o(i.memp_malloc)
    memp_malloc_pool                         0x08007f05   Thumb Code    38  memp.o(i.memp_malloc_pool)
    netif_add                                0x08007f99   Thumb Code   266  netif.o(i.netif_add)
    netif_get_by_index                       0x080082a1   Thumb Code    34  netif.o(i.netif_get_by_index)
    netif_init                               0x080082c9   Thumb Code     2  netif.o(i.netif_init)
    netif_set_addr                           0x0800839d   Thumb Code    94  netif.o(i.netif_set_addr)
    netif_set_default                        0x08008401   Thumb Code     6  netif.o(i.netif_set_default)
    netif_set_down                           0x0800840d   Thumb Code    48  netif.o(i.netif_set_down)
    netif_set_link_callback                  0x080084b9   Thumb Code     8  netif.o(i.netif_set_link_callback)
    netif_set_link_down                      0x080084c1   Thumb Code    46  netif.o(i.netif_set_link_down)
    netif_set_link_up                        0x08008571   Thumb Code    68  netif.o(i.netif_set_link_up)
    netif_set_up                             0x08008635   Thumb Code    44  netif.o(i.netif_set_up)
    pbuf_add_header                          0x080086d9   Thumb Code     6  pbuf.o(i.pbuf_add_header)
    pbuf_alloc                               0x080087b1   Thumb Code   342  pbuf.o(i.pbuf_alloc)
    pbuf_alloc_reference                     0x08008a0d   Thumb Code    74  pbuf.o(i.pbuf_alloc_reference)
    pbuf_alloced_custom                      0x08008ac5   Thumb Code    66  pbuf.o(i.pbuf_alloced_custom)
    pbuf_cat                                 0x08008b09   Thumb Code   104  pbuf.o(i.pbuf_cat)
    pbuf_clen                                0x08008c41   Thumb Code    20  pbuf.o(i.pbuf_clen)
    pbuf_clone                               0x08008c55   Thumb Code    50  pbuf.o(i.pbuf_clone)
    pbuf_copy                                0x08008cf5   Thumb Code   252  pbuf.o(i.pbuf_copy)
    pbuf_copy_partial                        0x08008ee9   Thumb Code   138  pbuf.o(i.pbuf_copy_partial)
    pbuf_free                                0x08009011   Thumb Code   170  pbuf.o(i.pbuf_free)
    pbuf_free_custom                         0x08009171   Thumb Code    24  ethernetif.o(i.pbuf_free_custom)
    pbuf_free_ooseq                          0x08009191   Thumb Code    30  pbuf.o(i.pbuf_free_ooseq)
    pbuf_header_force                        0x080091b9   Thumb Code     6  pbuf.o(i.pbuf_header_force)
    pbuf_realloc                             0x080091fd   Thumb Code   148  pbuf.o(i.pbuf_realloc)
    pbuf_ref                                 0x08009335   Thumb Code    32  pbuf.o(i.pbuf_ref)
    pbuf_remove_header                       0x080093c1   Thumb Code    90  pbuf.o(i.pbuf_remove_header)
    sys_check_timeouts                       0x08009651   Thumb Code    70  timeouts.o(i.sys_check_timeouts)
    sys_now                                  0x080096a1   Thumb Code     4  ethernetif.o(i.sys_now)
    sys_timeout                              0x080096a5   Thumb Code    46  timeouts.o(i.sys_timeout)
    sys_timeouts_init                        0x08009869   Thumb Code    28  timeouts.o(i.sys_timeouts_init)
    tcp_abandon                              0x0800988d   Thumb Code   258  tcp.o(i.tcp_abandon)
    tcp_abort                                0x08009a41   Thumb Code     6  tcp.o(i.tcp_abort)
    tcp_alloc                                0x08009a49   Thumb Code   160  tcp.o(i.tcp_alloc)
    tcp_close                                0x08009af5   Thumb Code    50  tcp.o(i.tcp_close)
    tcp_eff_send_mss_netif                   0x08009fcd   Thumb Code    60  tcp.o(i.tcp_eff_send_mss_netif)
    tcp_enqueue_flags                        0x0800a089   Thumb Code   306  tcp_out.o(i.tcp_enqueue_flags)
    tcp_fasttmr                              0x0800a2e5   Thumb Code   112  tcp.o(i.tcp_fasttmr)
    tcp_free                                 0x0800a359   Thumb Code    34  tcp.o(i.tcp_free)
    tcp_free_ooseq                           0x0800a5c9   Thumb Code    20  tcp.o(i.tcp_free_ooseq)
    tcp_init                                 0x0800a631   Thumb Code    20  tcp.o(i.tcp_init)
    tcp_input                                0x0800a649   Thumb Code  1672  tcp_in.o(i.tcp_input)
    tcp_keepalive                            0x0800adc9   Thumb Code    82  tcp_out.o(i.tcp_keepalive)
    tcp_netif_ip_addr_changed                0x0800b245   Thumb Code    74  tcp.o(i.tcp_netif_ip_addr_changed)
    tcp_next_iss                             0x0800b359   Thumb Code    32  tcp.o(i.tcp_next_iss)
    tcp_output                               0x0800b509   Thumb Code   596  tcp_out.o(i.tcp_output)
    tcp_pcb_purge                            0x0800bf6d   Thumb Code    90  tcp.o(i.tcp_pcb_purge)
    tcp_pcb_remove                           0x0800c03d   Thumb Code   180  tcp.o(i.tcp_pcb_remove)
    tcp_process_refused_data                 0x0800c7d5   Thumb Code   146  tcp.o(i.tcp_process_refused_data)
    tcp_recv_null                            0x0800d2c5   Thumb Code    62  tcp.o(i.tcp_recv_null)
    tcp_recved                               0x0800d379   Thumb Code   108  tcp.o(i.tcp_recved)
    tcp_rexmit                               0x0800d529   Thumb Code   128  tcp_out.o(i.tcp_rexmit)
    tcp_rexmit_fast                          0x0800d61d   Thumb Code   114  tcp_out.o(i.tcp_rexmit_fast)
    tcp_rexmit_rto                           0x0800d70d   Thumb Code    44  tcp_out.o(i.tcp_rexmit_rto)
    tcp_rexmit_rto_commit                    0x0800d7b1   Thumb Code    46  tcp_out.o(i.tcp_rexmit_rto_commit)
    tcp_rexmit_rto_prepare                   0x0800d861   Thumb Code   146  tcp_out.o(i.tcp_rexmit_rto_prepare)
    tcp_rst                                  0x0800d989   Thumb Code   134  tcp_out.o(i.tcp_rst)
    tcp_seg_copy                             0x0800daa5   Thumb Code    60  tcp.o(i.tcp_seg_copy)
    tcp_seg_free                             0x0800db55   Thumb Code    30  tcp.o(i.tcp_seg_free)
    tcp_segs_free                            0x0800db73   Thumb Code    20  tcp.o(i.tcp_segs_free)
    tcp_send_empty_ack                       0x0800db89   Thumb Code   118  tcp_out.o(i.tcp_send_empty_ack)
    tcp_send_fin                             0x0800dc7d   Thumb Code    90  tcp_out.o(i.tcp_send_fin)
    tcp_slowtmr                              0x0800dd51   Thumb Code  1466  tcp.o(i.tcp_slowtmr)
    tcp_split_unsent_seg                     0x0800e38d   Thumb Code   390  tcp_out.o(i.tcp_split_unsent_seg)
    tcp_timer_needed                         0x0800e5d9   Thumb Code    36  timeouts.o(i.tcp_timer_needed)
    tcp_tmr                                  0x0800e719   Thumb Code    30  tcp.o(i.tcp_tmr)
    tcp_trigger_input_pcb_close              0x0800e73d   Thumb Code    12  tcp_in.o(i.tcp_trigger_input_pcb_close)
    tcp_update_rcv_ann_wnd                   0x0800e74d   Thumb Code   100  tcp.o(i.tcp_update_rcv_ann_wnd)
    tcp_zero_window_probe                    0x0800e849   Thumb Code   202  tcp_out.o(i.tcp_zero_window_probe)
    udp_init                                 0x0800e9cd   Thumb Code    20  udp.o(i.udp_init)
    udp_input                                0x0800e9e5   Thumb Code   400  udp.o(i.udp_input)
    udp_netif_ip_addr_changed                0x0800ed41   Thumb Code    50  udp.o(i.udp_netif_ip_addr_changed)
    UARTPrescTable                           0x0800ed78   Data          24  stm32h7xx_hal_uart.o(.constdata)
    D1CorePrescTable                         0x0800eda0   Data          16  system_stm32h7xx.o(.constdata)
    memp_RX_POOL                             0x0800edb0   Data          12  ethernetif.o(.constdata)
    ethbroadcast                             0x0800edbc   Data           6  ethernet.o(.constdata)
    ethzero                                  0x0800edc2   Data           6  ethernet.o(.constdata)
    memp_UDP_PCB                             0x0800edc8   Data          12  memp.o(.constdata)
    memp_TCP_PCB                             0x0800edd4   Data          12  memp.o(.constdata)
    memp_TCP_PCB_LISTEN                      0x0800ede0   Data          12  memp.o(.constdata)
    memp_TCP_SEG                             0x0800edec   Data          12  memp.o(.constdata)
    memp_REASSDATA                           0x0800edf8   Data          12  memp.o(.constdata)
    memp_FRAG_PBUF                           0x0800ee04   Data          12  memp.o(.constdata)
    memp_SYS_TIMEOUT                         0x0800ee10   Data          12  memp.o(.constdata)
    memp_PBUF                                0x0800ee1c   Data          12  memp.o(.constdata)
    memp_PBUF_POOL                           0x0800ee28   Data          12  memp.o(.constdata)
    memp_pools                               0x0800ee34   Data          36  memp.o(.constdata)
    tcp_pcb_lists                            0x0800ee9c   Data          16  tcp.o(.constdata)
    lwip_cyclic_timers                       0x0800eeac   Data          24  timeouts.o(.constdata)
    ip_addr_any                              0x0800eec4   Data           4  ip4_addr.o(.constdata)
    Region$$Table$$Base                      0x0800efdc   Number         0  anon$$obj.o(Region$$Table)
    Region$$Table$$Limit                     0x0800effc   Number         0  anon$$obj.o(Region$$Table)
    uwTickFreq                               0x24000000   Data           1  stm32h7xx_hal.o(.data)
    uwTickPrio                               0x24000004   Data           4  stm32h7xx_hal.o(.data)
    uwTick                                   0x24000008   Data           4  stm32h7xx_hal.o(.data)
    SystemCoreClock                          0x2400000c   Data           4  system_stm32h7xx.o(.data)
    SystemD2Clock                            0x24000010   Data           4  system_stm32h7xx.o(.data)
    LAN8742_IOCtx                            0x24000018   Data          20  ethernetif.o(.data)
    EthernetLinkTimer                        0x24000030   Data           4  lwip.o(.data)
    ipaddr                                   0x24000034   Data           4  lwip.o(.data)
    netmask                                  0x24000038   Data           4  lwip.o(.data)
    gw                                       0x2400003c   Data           4  lwip.o(.data)
    IP_ADDRESS                               0x24000040   Data           4  lwip.o(.data)
    NETMASK_ADDRESS                          0x24000044   Data           4  lwip.o(.data)
    GATEWAY_ADDRESS                          0x24000048   Data           4  lwip.o(.data)
    netif_list                               0x24000080   Data           4  netif.o(.data)
    netif_default                            0x24000084   Data           4  netif.o(.data)
    pbuf_free_ooseq_pending                  0x24000088   Data           1  pbuf.o(.data)
    tcp_active_pcbs_changed                  0x2400008c   Data           1  tcp.o(.data)
    tcp_ticks                                0x24000098   Data           4  tcp.o(.data)
    tcp_bound_pcbs                           0x2400009c   Data           4  tcp.o(.data)
    tcp_listen_pcbs                          0x240000a0   Data           4  tcp.o(.data)
    tcp_active_pcbs                          0x240000a4   Data           4  tcp.o(.data)
    tcp_tw_pcbs                              0x240000a8   Data           4  tcp.o(.data)
    tcp_input_pcb                            0x240000cc   Data           4  tcp_in.o(.data)
    udp_pcbs                                 0x240000e0   Data           4  udp.o(.data)
    __stdout                                 0x240000f4   Data           4  stdout.o(.data)
    huart1                                   0x240000f8   Data         148  usart.o(.bss)
    memp_memory_RX_POOL_base                 0x2400018c   Data       18819  ethernetif.o(.bss)
    heth                                     0x24004b10   Data         176  ethernetif.o(.bss)
    TxConfig                                 0x24004bc0   Data          56  ethernetif.o(.bss)
    LAN8742                                  0x24004bf8   Data          32  ethernetif.o(.bss)
    gnetif                                   0x24004c18   Data          52  lwip.o(.bss)
    ip_data                                  0x24004c4c   Data          24  ip.o(.bss)
    memp_memory_UDP_PCB_base                 0x24004c64   Data         131  memp.o(.bss)
    memp_memory_TCP_PCB_base                 0x24004ce7   Data         783  memp.o(.bss)
    memp_memory_TCP_PCB_LISTEN_base          0x24004ff6   Data         227  memp.o(.bss)
    memp_memory_TCP_SEG_base                 0x240050d9   Data         259  memp.o(.bss)
    memp_memory_REASSDATA_base               0x240051dc   Data         163  memp.o(.bss)
    memp_memory_FRAG_PBUF_base               0x2400527f   Data         363  memp.o(.bss)
    memp_memory_SYS_TIMEOUT_base             0x240053ea   Data          51  memp.o(.bss)
    memp_memory_PBUF_base                    0x2400541d   Data         259  memp.o(.bss)
    memp_memory_PBUF_POOL_base               0x24005520   Data        9731  memp.o(.bss)
    __initial_sp                             0x24008028   Data           0  startup_stm32h750xx.o(STACK)
    DMARxDscrTab                             0x30040000   Data          96  ethernetif.o(.ARM.__AT_0x30040000)
    DMATxDscrTab                             0x30040060   Data          96  ethernetif.o(.ARM.__AT_0x30040060)



==============================================================================

Memory Map of the image

  Image Entry point : 0x08000299

  Load Region LR_IROM1 (Base: 0x08000000, Size: 0x0000f0f4, Max: 0x00020000, ABSOLUTE)

    Execution Region ER_IROM1 (Exec base: 0x08000000, Load base: 0x08000000, Size: 0x0000effc, Max: 0x00020000, ABSOLUTE)

    Exec Addr    Load Addr    Size         Type   Attr      Idx    E Section Name        Object

    0x08000000   0x08000000   0x00000298   Data   RO            3    RESET               startup_stm32h750xx.o
    0x08000298   0x08000298   0x00000000   Code   RO         8394  * .ARM.Collect$$$$00000000  mc_w.l(entry.o)
    0x08000298   0x08000298   0x00000004   Code   RO         8709    .ARM.Collect$$$$00000001  mc_w.l(entry2.o)
    0x0800029c   0x0800029c   0x00000004   Code   RO         8712    .ARM.Collect$$$$00000004  mc_w.l(entry5.o)
    0x080002a0   0x080002a0   0x00000000   Code   RO         8714    .ARM.Collect$$$$00000008  mc_w.l(entry7b.o)
    0x080002a0   0x080002a0   0x00000000   Code   RO         8716    .ARM.Collect$$$$0000000A  mc_w.l(entry8b.o)
    0x080002a0   0x080002a0   0x00000008   Code   RO         8717    .ARM.Collect$$$$0000000B  mc_w.l(entry9a.o)
    0x080002a8   0x080002a8   0x00000004   Code   RO         8724    .ARM.Collect$$$$0000000E  mc_w.l(entry12b.o)
    0x080002ac   0x080002ac   0x00000000   Code   RO         8719    .ARM.Collect$$$$0000000F  mc_w.l(entry10a.o)
    0x080002ac   0x080002ac   0x00000000   Code   RO         8721    .ARM.Collect$$$$00000011  mc_w.l(entry11a.o)
    0x080002ac   0x080002ac   0x00000004   Code   RO         8710    .ARM.Collect$$$$00002712  mc_w.l(entry2.o)
    0x080002b0   0x080002b0   0x00000024   Code   RO            4    .text               startup_stm32h750xx.o
    0x080002d4   0x080002d4   0x00000062   Code   RO         8397    .text               mc_w.l(uldiv.o)
    0x08000336   0x08000336   0x00000002   PAD
    0x08000338   0x08000338   0x00000024   Code   RO         8427    .text               mc_w.l(rand.o)
    0x0800035c   0x0800035c   0x00000040   Code   RO         8432    .text               mc_w.l(memmovea.o)
    0x0800039c   0x0800039c   0x00000024   Code   RO         8434    .text               mc_w.l(memseta.o)
    0x080003c0   0x080003c0   0x0000001a   Code   RO         8438    .text               mc_w.l(memcmp.o)
    0x080003da   0x080003da   0x0000002c   Code   RO         8728    .text               mc_w.l(uidiv.o)
    0x08000406   0x08000406   0x0000001e   Code   RO         8730    .text               mc_w.l(llshl.o)
    0x08000424   0x08000424   0x00000020   Code   RO         8732    .text               mc_w.l(llushr.o)
    0x08000444   0x08000444   0x00000024   Code   RO         8754    .text               mc_w.l(init.o)
    0x08000468   0x08000468   0x00000000   Code   RO         8756    .text               mc_w.l(semi.o)
    0x08000468   0x08000468   0x00000000   Code   RO         8761    .text               mc_w.l(iusesemip.o)
    0x08000468   0x08000468   0x00000002   Code   RO          465    i.BusFault_Handler  stm32h7xx_it.o
    0x0800046a   0x0800046a   0x00000002   Code   RO          466    i.DebugMon_Handler  stm32h7xx_it.o
    0x0800046c   0x0800046c   0x0000000c   Code   RO          467    i.ETH_IRQHandler    stm32h7xx_it.o
    0x08000478   0x08000478   0x000000d8   Code   RO          577    i.ETH_MACDMAConfig  stm32h7xx_hal_eth.o
    0x08000550   0x08000550   0x00000004   Code   RO         4041    i.ETH_PHY_IO_DeInit  ethernetif.o
    0x08000554   0x08000554   0x00000004   Code   RO         4042    i.ETH_PHY_IO_GetTick  ethernetif.o
    0x08000558   0x08000558   0x00000010   Code   RO         4043    i.ETH_PHY_IO_Init   ethernetif.o
    0x08000568   0x08000568   0x00000020   Code   RO         4044    i.ETH_PHY_IO_ReadReg  ethernetif.o
    0x08000588   0x08000588   0x00000020   Code   RO         4045    i.ETH_PHY_IO_WriteReg  ethernetif.o
    0x080005a8   0x080005a8   0x00000350   Code   RO          578    i.ETH_Prepare_Tx_Descriptors  stm32h7xx_hal_eth.o
    0x080008f8   0x080008f8   0x000000b4   Code   RO          579    i.ETH_SetDMAConfig  stm32h7xx_hal_eth.o
    0x080009ac   0x080009ac   0x000001a8   Code   RO          580    i.ETH_SetMACConfig  stm32h7xx_hal_eth.o
    0x08000b54   0x08000b54   0x00000084   Code   RO          581    i.ETH_UpdateDescriptor  stm32h7xx_hal_eth.o
    0x08000bd8   0x08000bd8   0x00000004   Code   RO           13    i.Error_Handler     main.o
    0x08000bdc   0x08000bdc   0x00000028   Code   RO         4283    i.Ethernet_Link_Periodic_Handle  lwip.o
    0x08000c04   0x08000c04   0x00000360   Code   RO         1677    i.HAL_DMA_Abort     stm32h7xx_hal_dma.o
    0x08000f64   0x08000f64   0x00000284   Code   RO         1678    i.HAL_DMA_Abort_IT  stm32h7xx_hal_dma.o
    0x080011e8   0x080011e8   0x00000002   Code   RO          583    i.HAL_ETH_EEECallback  stm32h7xx_hal_eth.o
    0x080011ea   0x080011ea   0x00000002   Code   RO          585    i.HAL_ETH_ErrorCallback  stm32h7xx_hal_eth.o
    0x080011ec   0x080011ec   0x000001cc   Code   RO          590    i.HAL_ETH_GetMACConfig  stm32h7xx_hal_eth.o
    0x080013b8   0x080013b8   0x00000140   Code   RO          596    i.HAL_ETH_IRQHandler  stm32h7xx_hal_eth.o
    0x080014f8   0x080014f8   0x000001b4   Code   RO          597    i.HAL_ETH_Init      stm32h7xx_hal_eth.o
    0x080016ac   0x080016ac   0x000000ec   Code   RO         4047    i.HAL_ETH_MspInit   ethernetif.o
    0x08001798   0x08001798   0x00000002   Code   RO          600    i.HAL_ETH_PMTCallback  stm32h7xx_hal_eth.o
    0x0800179a   0x0800179a   0x000000ee   Code   RO          601    i.HAL_ETH_ReadData  stm32h7xx_hal_eth.o
    0x08001888   0x08001888   0x00000064   Code   RO          602    i.HAL_ETH_ReadPHYRegister  stm32h7xx_hal_eth.o
    0x080018ec   0x080018ec   0x0000004c   Code   RO         4048    i.HAL_ETH_RxAllocateCallback  ethernetif.o
    0x08001938   0x08001938   0x00000002   Code   RO          608    i.HAL_ETH_RxCpltCallback  stm32h7xx_hal_eth.o
    0x0800193a   0x0800193a   0x00000002   PAD
    0x0800193c   0x0800193c   0x00000068   Code   RO         4049    i.HAL_ETH_RxLinkCallback  ethernetif.o
    0x080019a4   0x080019a4   0x00000018   Code   RO          612    i.HAL_ETH_SetMACConfig  stm32h7xx_hal_eth.o
    0x080019bc   0x080019bc   0x00000078   Code   RO          614    i.HAL_ETH_SetMDIOClockRange  stm32h7xx_hal_eth.o
    0x08001a34   0x08001a34   0x00000080   Code   RO          618    i.HAL_ETH_Start     stm32h7xx_hal_eth.o
    0x08001ab4   0x08001ab4   0x00000062   Code   RO          620    i.HAL_ETH_Stop      stm32h7xx_hal_eth.o
    0x08001b16   0x08001b16   0x000000c4   Code   RO          622    i.HAL_ETH_Transmit  stm32h7xx_hal_eth.o
    0x08001bda   0x08001bda   0x00000002   Code   RO          624    i.HAL_ETH_TxCpltCallback  stm32h7xx_hal_eth.o
    0x08001bdc   0x08001bdc   0x00000002   Code   RO          629    i.HAL_ETH_WakeUpCallback  stm32h7xx_hal_eth.o
    0x08001bde   0x08001bde   0x00000002   PAD
    0x08001be0   0x08001be0   0x00000064   Code   RO          630    i.HAL_ETH_WritePHYRegister  stm32h7xx_hal_eth.o
    0x08001c44   0x08001c44   0x0000022c   Code   RO         1525    i.HAL_GPIO_Init     stm32h7xx_hal_gpio.o
    0x08001e70   0x08001e70   0x0000000c   Code   RO         2538    i.HAL_GetREVID      stm32h7xx_hal.o
    0x08001e7c   0x08001e7c   0x0000000c   Code   RO         2539    i.HAL_GetTick       stm32h7xx_hal.o
    0x08001e88   0x08001e88   0x00000010   Code   RO         2545    i.HAL_IncTick       stm32h7xx_hal.o
    0x08001e98   0x08001e98   0x0000005c   Code   RO         2546    i.HAL_Init          stm32h7xx_hal.o
    0x08001ef4   0x08001ef4   0x00000040   Code   RO         2547    i.HAL_InitTick      stm32h7xx_hal.o
    0x08001f34   0x08001f34   0x0000005c   Code   RO         2380    i.HAL_MPU_ConfigRegion  stm32h7xx_hal_cortex.o
    0x08001f90   0x08001f90   0x0000001c   Code   RO         2381    i.HAL_MPU_Disable   stm32h7xx_hal_cortex.o
    0x08001fac   0x08001fac   0x00000024   Code   RO         2382    i.HAL_MPU_Enable    stm32h7xx_hal_cortex.o
    0x08001fd0   0x08001fd0   0x0000001c   Code   RO          553    i.HAL_MspInit       stm32h7xx_hal_msp.o
    0x08001fec   0x08001fec   0x0000001a   Code   RO         2385    i.HAL_NVIC_EnableIRQ  stm32h7xx_hal_cortex.o
    0x08002006   0x08002006   0x00000002   PAD
    0x08002008   0x08002008   0x00000040   Code   RO         2391    i.HAL_NVIC_SetPriority  stm32h7xx_hal_cortex.o
    0x08002048   0x08002048   0x00000024   Code   RO         2392    i.HAL_NVIC_SetPriorityGrouping  stm32h7xx_hal_cortex.o
    0x0800206c   0x0800206c   0x00000054   Code   RO         2126    i.HAL_PWREx_ConfigSupply  stm32h7xx_hal_pwr_ex.o
    0x080020c0   0x080020c0   0x00000024   Code   RO         1168    i.HAL_RCCEx_GetD3PCLK1Freq  stm32h7xx_hal_rcc_ex.o
    0x080020e4   0x080020e4   0x00000144   Code   RO         1170    i.HAL_RCCEx_GetPLL2ClockFreq  stm32h7xx_hal_rcc_ex.o
    0x08002228   0x08002228   0x00000144   Code   RO         1171    i.HAL_RCCEx_GetPLL3ClockFreq  stm32h7xx_hal_rcc_ex.o
    0x0800236c   0x0800236c   0x000009ac   Code   RO         1177    i.HAL_RCCEx_PeriphCLKConfig  stm32h7xx_hal_rcc_ex.o
    0x08002d18   0x08002d18   0x0000025c   Code   RO         1053    i.HAL_RCC_ClockConfig  stm32h7xx_hal_rcc.o
    0x08002f74   0x08002f74   0x00000044   Code   RO         1058    i.HAL_RCC_GetHCLKFreq  stm32h7xx_hal_rcc.o
    0x08002fb8   0x08002fb8   0x00000024   Code   RO         1060    i.HAL_RCC_GetPCLK1Freq  stm32h7xx_hal_rcc.o
    0x08002fdc   0x08002fdc   0x00000024   Code   RO         1061    i.HAL_RCC_GetPCLK2Freq  stm32h7xx_hal_rcc.o
    0x08003000   0x08003000   0x00000138   Code   RO         1062    i.HAL_RCC_GetSysClockFreq  stm32h7xx_hal_rcc.o
    0x08003138   0x08003138   0x00000582   Code   RO         1065    i.HAL_RCC_OscConfig  stm32h7xx_hal_rcc.o
    0x080036ba   0x080036ba   0x00000002   PAD
    0x080036bc   0x080036bc   0x00000014   Code   RO         2558    i.HAL_SYSCFG_ETHInterfaceSelect  stm32h7xx_hal.o
    0x080036d0   0x080036d0   0x00000026   Code   RO         2396    i.HAL_SYSTICK_Config  stm32h7xx_hal_cortex.o
    0x080036f6   0x080036f6   0x00000040   Code   RO         3886    i.HAL_UARTEx_DisableFifoMode  stm32h7xx_hal_uart_ex.o
    0x08003736   0x08003736   0x00000002   Code   RO         3475    i.HAL_UARTEx_RxEventCallback  stm32h7xx_hal_uart.o
    0x08003738   0x08003738   0x00000002   Code   RO         3894    i.HAL_UARTEx_RxFifoFullCallback  stm32h7xx_hal_uart_ex.o
    0x0800373a   0x0800373a   0x0000004c   Code   RO         3895    i.HAL_UARTEx_SetRxFifoThreshold  stm32h7xx_hal_uart_ex.o
    0x08003786   0x08003786   0x0000004c   Code   RO         3896    i.HAL_UARTEx_SetTxFifoThreshold  stm32h7xx_hal_uart_ex.o
    0x080037d2   0x080037d2   0x00000002   Code   RO         3898    i.HAL_UARTEx_TxFifoEmptyCallback  stm32h7xx_hal_uart_ex.o
    0x080037d4   0x080037d4   0x00000002   Code   RO         3899    i.HAL_UARTEx_WakeupCallback  stm32h7xx_hal_uart_ex.o
    0x080037d6   0x080037d6   0x00000002   Code   RO         3491    i.HAL_UART_ErrorCallback  stm32h7xx_hal_uart.o
    0x080037d8   0x080037d8   0x00000388   Code   RO         3494    i.HAL_UART_IRQHandler  stm32h7xx_hal_uart.o
    0x08003b60   0x08003b60   0x0000006a   Code   RO         3495    i.HAL_UART_Init     stm32h7xx_hal_uart.o
    0x08003bca   0x08003bca   0x00000002   PAD
    0x08003bcc   0x08003bcc   0x00000098   Code   RO          424    i.HAL_UART_MspInit  usart.o
    0x08003c64   0x08003c64   0x000000b0   Code   RO         3504    i.HAL_UART_Transmit  stm32h7xx_hal_uart.o
    0x08003d14   0x08003d14   0x00000002   Code   RO         3507    i.HAL_UART_TxCpltCallback  stm32h7xx_hal_uart.o
    0x08003d16   0x08003d16   0x00000002   Code   RO          468    i.HardFault_Handler  stm32h7xx_it.o
    0x08003d18   0x08003d18   0x000000bc   Code   RO         4371    i.LAN8742_GetLinkState  lan8742.o
    0x08003dd4   0x08003dd4   0x000000d2   Code   RO         4372    i.LAN8742_Init      lan8742.o
    0x08003ea6   0x08003ea6   0x0000002e   Code   RO         4373    i.LAN8742_RegisterBusIO  lan8742.o
    0x08003ed4   0x08003ed4   0x00000074   Code   RO           14    i.MPU_Config        main.o
    0x08003f48   0x08003f48   0x0000004c   Code   RO          292    i.MX_GPIO_Init      gpio.o
    0x08003f94   0x08003f94   0x0000014c   Code   RO         4284    i.MX_LWIP_Init      lwip.o
    0x080040e0   0x080040e0   0x0000001c   Code   RO         4285    i.MX_LWIP_Process   lwip.o
    0x080040fc   0x080040fc   0x00000068   Code   RO          425    i.MX_USART1_UART_Init  usart.o
    0x08004164   0x08004164   0x00000002   Code   RO          469    i.MemManage_Handler  stm32h7xx_it.o
    0x08004166   0x08004166   0x00000002   Code   RO          470    i.NMI_Handler       stm32h7xx_it.o
    0x08004168   0x08004168   0x00000002   Code   RO          471    i.PendSV_Handler    stm32h7xx_it.o
    0x0800416a   0x0800416a   0x00000002   PAD
    0x0800416c   0x0800416c   0x00000120   Code   RO         1180    i.RCCEx_PLL2_Config  stm32h7xx_hal_rcc_ex.o
    0x0800428c   0x0800428c   0x00000120   Code   RO         1181    i.RCCEx_PLL3_Config  stm32h7xx_hal_rcc_ex.o
    0x080043ac   0x080043ac   0x00000002   Code   RO          472    i.SVC_Handler       stm32h7xx_it.o
    0x080043ae   0x080043ae   0x00000004   Code   RO          473    i.SysTick_Handler   stm32h7xx_it.o
    0x080043b2   0x080043b2   0x00000002   PAD
    0x080043b4   0x080043b4   0x000000dc   Code   RO           15    i.SystemClock_Config  main.o
    0x08004490   0x08004490   0x000000dc   Code   RO         4005    i.SystemInit        system_stm32h7xx.o
    0x0800456c   0x0800456c   0x00000044   Code   RO         3900    i.UARTEx_SetNbDataToProcess  stm32h7xx_hal_uart_ex.o
    0x080045b0   0x080045b0   0x000000c8   Code   RO         3509    i.UART_AdvFeatureConfig  stm32h7xx_hal_uart.o
    0x08004678   0x08004678   0x000000aa   Code   RO         3510    i.UART_CheckIdleState  stm32h7xx_hal_uart.o
    0x08004722   0x08004722   0x00000014   Code   RO         3511    i.UART_DMAAbortOnError  stm32h7xx_hal_uart.o
    0x08004736   0x08004736   0x00000002   PAD
    0x08004738   0x08004738   0x00000054   Code   RO         3521    i.UART_EndRxTransfer  stm32h7xx_hal_uart.o
    0x0800478c   0x0800478c   0x000003ac   Code   RO         3527    i.UART_SetConfig    stm32h7xx_hal_uart.o
    0x08004b38   0x08004b38   0x0000008c   Code   RO         3534    i.UART_WaitOnFlagUntilTimeout  stm32h7xx_hal_uart.o
    0x08004bc4   0x08004bc4   0x0000000c   Code   RO          474    i.USART1_IRQHandler  stm32h7xx_it.o
    0x08004bd0   0x08004bd0   0x00000002   Code   RO          475    i.UsageFault_Handler  stm32h7xx_it.o
    0x08004bd2   0x08004bd2   0x00000002   PAD
    0x08004bd4   0x08004bd4   0x00000020   Code   RO         8535    i.__0printf$3       mc_w.l(printf3.o)
    0x08004bf4   0x08004bf4   0x00000022   Code   RO         2398    i.__NVIC_SetPriority  stm32h7xx_hal_cortex.o
    0x08004c16   0x08004c16   0x0000000e   Code   RO         8768    i.__scatterload_copy  mc_w.l(handlers.o)
    0x08004c24   0x08004c24   0x00000002   Code   RO         8769    i.__scatterload_null  mc_w.l(handlers.o)
    0x08004c26   0x08004c26   0x0000000e   Code   RO         8770    i.__scatterload_zeroinit  mc_w.l(handlers.o)
    0x08004c34   0x08004c34   0x000001b8   Code   RO         8542    i._printf_core      mc_w.l(printf3.o)
    0x08004dec   0x08004dec   0x000000a0   Code   RO         6003    i.do_memp_free_pool  memp.o
    0x08004e8c   0x08004e8c   0x000000a8   Code   RO         6004    i.do_memp_malloc_pool  memp.o
    0x08004f34   0x08004f34   0x0000002c   Code   RO         7530    i.etharp_cleanup_netif  etharp.o
    0x08004f60   0x08004f60   0x00000280   Code   RO         7532    i.etharp_find_entry  etharp.o
    0x080051e0   0x080051e0   0x00000028   Code   RO         7533    i.etharp_free_entry  etharp.o
    0x08005208   0x08005208   0x00000118   Code   RO         7535    i.etharp_input      etharp.o
    0x08005320   0x08005320   0x000001d8   Code   RO         7536    i.etharp_output     etharp.o
    0x080054f8   0x080054f8   0x00000104   Code   RO         7537    i.etharp_output_to_arp_index  etharp.o
    0x080055fc   0x080055fc   0x00000208   Code   RO         7538    i.etharp_query      etharp.o
    0x08005804   0x08005804   0x0000017c   Code   RO         7539    i.etharp_raw        etharp.o
    0x08005980   0x08005980   0x0000000c   Code   RO         7540    i.etharp_request    etharp.o
    0x0800598c   0x0800598c   0x00000028   Code   RO         7541    i.etharp_request_dst  etharp.o
    0x080059b4   0x080059b4   0x00000064   Code   RO         7542    i.etharp_tmr        etharp.o
    0x08005a18   0x08005a18   0x0000011c   Code   RO         7543    i.etharp_update_arp_entry  etharp.o
    0x08005b34   0x08005b34   0x000000b0   Code   RO         5132    i.ethernet_input    ethernet.o
    0x08005be4   0x08005be4   0x000000ac   Code   RO         4051    i.ethernet_link_check_state  ethernetif.o
    0x08005c90   0x08005c90   0x00000002   Code   RO         4286    i.ethernet_link_status_updated  lwip.o
    0x08005c92   0x08005c92   0x00000002   PAD
    0x08005c94   0x08005c94   0x000000f4   Code   RO         5133    i.ethernet_output   ethernet.o
    0x08005d88   0x08005d88   0x00000090   Code   RO         4052    i.ethernetif_init   ethernetif.o
    0x08005e18   0x08005e18   0x00000024   Code   RO         4053    i.ethernetif_input  ethernetif.o
    0x08005e3c   0x08005e3c   0x00000012   Code   RO         8725    i.fputc             mc_w.l(fputc.o)
    0x08005e4e   0x08005e4e   0x00000008   Code   RO         7640    i.icmp_dest_unreach  icmp.o
    0x08005e56   0x08005e56   0x00000002   PAD
    0x08005e58   0x08005e58   0x00000244   Code   RO         7641    i.icmp_input        icmp.o
    0x0800609c   0x0800609c   0x00000120   Code   RO         7642    i.icmp_send_response  icmp.o
    0x080061bc   0x080061bc   0x00000008   Code   RO         7643    i.icmp_time_exceeded  icmp.o
    0x080061c4   0x080061c4   0x00000010   Code   RO         5722    i.inet_chksum       inet_chksum.o
    0x080061d4   0x080061d4   0x0000004e   Code   RO         5723    i.inet_chksum_pbuf  inet_chksum.o
    0x08006222   0x08006222   0x00000050   Code   RO         7773    i.ip4_addr_isbroadcast_u32  ip4_addr.o
    0x08006272   0x08006272   0x00000002   PAD
    0x08006274   0x08006274   0x00000298   Code   RO         7846    i.ip4_frag          ip4_frag.o
    0x0800650c   0x0800650c   0x000001a4   Code   RO         7714    i.ip4_input         ip4.o
    0x080066b0   0x080066b0   0x0000002c   Code   RO         7715    i.ip4_input_accept  ip4.o
    0x080066dc   0x080066dc   0x0000002c   Code   RO         7717    i.ip4_output_if     ip4.o
    0x08006708   0x08006708   0x00000188   Code   RO         7718    i.ip4_output_if_src  ip4.o
    0x08006890   0x08006890   0x00000274   Code   RO         7847    i.ip4_reass         ip4_frag.o
    0x08006b04   0x08006b04   0x00000078   Code   RO         7719    i.ip4_route         ip4.o
    0x08006b7c   0x08006b7c   0x00000006   Code   RO         7848    i.ip_frag_alloc_pbuf_custom_ref  ip4_frag.o
    0x08006b82   0x08006b82   0x00000002   PAD
    0x08006b84   0x08006b84   0x00000094   Code   RO         7849    i.ip_frag_free_pbuf_custom_ref  ip4_frag.o
    0x08006c18   0x08006c18   0x00000298   Code   RO         7850    i.ip_reass_chain_frag_into_datagram_and_validate  ip4_frag.o
    0x08006eb0   0x08006eb0   0x000000bc   Code   RO         7851    i.ip_reass_dequeue_datagram  ip4_frag.o
    0x08006f6c   0x08006f6c   0x00000064   Code   RO         7852    i.ip_reass_enqueue_new_datagram  ip4_frag.o
    0x08006fd0   0x08006fd0   0x000001a4   Code   RO         7853    i.ip_reass_free_complete_datagram  ip4_frag.o
    0x08007174   0x08007174   0x0000007c   Code   RO         7854    i.ip_reass_remove_oldest_datagram  ip4_frag.o
    0x080071f0   0x080071f0   0x00000030   Code   RO         7855    i.ip_reass_tmr      ip4_frag.o
    0x08007220   0x08007220   0x00000098   Code   RO         7856    i.ipfrag_free_pbuf_custom  ip4_frag.o
    0x080072b8   0x080072b8   0x00000114   Code   RO         4054    i.low_level_init    ethernetif.o
    0x080073cc   0x080073cc   0x00000024   Code   RO         4055    i.low_level_input   ethernetif.o
    0x080073f0   0x080073f0   0x0000009c   Code   RO         4056    i.low_level_output  ethernetif.o
    0x0800748c   0x0800748c   0x00000044   Code   RO         7256    i.lwip_cyclic_timer  timeouts.o
    0x080074d0   0x080074d0   0x00000018   Code   RO         5642    i.lwip_htonl        def.o
    0x080074e8   0x080074e8   0x0000000a   Code   RO         5643    i.lwip_htons        def.o
    0x080074f2   0x080074f2   0x0000001e   Code   RO         5806    i.lwip_init         init.o
    0x08007510   0x08007510   0x0000005a   Code   RO         5730    i.lwip_standard_chksum  inet_chksum.o
    0x0800756a   0x0800756a   0x00000002   PAD
    0x0800756c   0x0800756c   0x000000f0   Code   RO           16    i.main              main.o
    0x0800765c   0x0800765c   0x00000188   Code   RO         5923    i.mem_free          mem.o
    0x080077e4   0x080077e4   0x00000034   Code   RO         5924    i.mem_init          mem.o
    0x08007818   0x08007818   0x00000050   Code   RO         5925    i.mem_link_valid    mem.o
    0x08007868   0x08007868   0x00000264   Code   RO         5926    i.mem_malloc        mem.o
    0x08007acc   0x08007acc   0x00000010   Code   RO         5927    i.mem_to_ptr        mem.o
    0x08007adc   0x08007adc   0x00000200   Code   RO         5928    i.mem_trim          mem.o
    0x08007cdc   0x08007cdc   0x0000009c   Code   RO         6005    i.memp_free         memp.o
    0x08007d78   0x08007d78   0x0000009c   Code   RO         6006    i.memp_free_pool    memp.o
    0x08007e14   0x08007e14   0x0000001c   Code   RO         6007    i.memp_init         memp.o
    0x08007e30   0x08007e30   0x0000002e   Code   RO         6008    i.memp_init_pool    memp.o
    0x08007e5e   0x08007e5e   0x00000002   PAD
    0x08007e60   0x08007e60   0x000000a4   Code   RO         6009    i.memp_malloc       memp.o
    0x08007f04   0x08007f04   0x00000094   Code   RO         6010    i.memp_malloc_pool  memp.o
    0x08007f98   0x08007f98   0x000001f8   Code   RO         6141    i.netif_add         netif.o
    0x08008190   0x08008190   0x0000001a   Code   RO         6143    i.netif_do_ip_addr_changed  netif.o
    0x080081aa   0x080081aa   0x00000016   Code   RO         6144    i.netif_do_set_gw   netif.o
    0x080081c0   0x080081c0   0x000000c8   Code   RO         6145    i.netif_do_set_ipaddr  netif.o
    0x08008288   0x08008288   0x00000016   Code   RO         6146    i.netif_do_set_netmask  netif.o
    0x0800829e   0x0800829e   0x00000002   PAD
    0x080082a0   0x080082a0   0x00000028   Code   RO         6148    i.netif_get_by_index  netif.o
    0x080082c8   0x080082c8   0x00000002   Code   RO         6150    i.netif_init        netif.o
    0x080082ca   0x080082ca   0x00000002   PAD
    0x080082cc   0x080082cc   0x000000c8   Code   RO         6152    i.netif_issue_reports  netif.o
    0x08008394   0x08008394   0x00000006   Code   RO         6154    i.netif_null_output_ip4  netif.o
    0x0800839a   0x0800839a   0x00000002   PAD
    0x0800839c   0x0800839c   0x00000064   Code   RO         6156    i.netif_set_addr    netif.o
    0x08008400   0x08008400   0x0000000c   Code   RO         6157    i.netif_set_default  netif.o
    0x0800840c   0x0800840c   0x000000ac   Code   RO         6158    i.netif_set_down    netif.o
    0x080084b8   0x080084b8   0x00000008   Code   RO         6161    i.netif_set_link_callback  netif.o
    0x080084c0   0x080084c0   0x000000b0   Code   RO         6162    i.netif_set_link_down  netif.o
    0x08008570   0x08008570   0x000000c4   Code   RO         6163    i.netif_set_link_up  netif.o
    0x08008634   0x08008634   0x000000a4   Code   RO         6165    i.netif_set_up      netif.o
    0x080086d8   0x080086d8   0x00000006   Code   RO         6334    i.pbuf_add_header   pbuf.o
    0x080086de   0x080086de   0x00000002   PAD
    0x080086e0   0x080086e0   0x000000d0   Code   RO         6336    i.pbuf_add_header_impl  pbuf.o
    0x080087b0   0x080087b0   0x0000025c   Code   RO         6337    i.pbuf_alloc        pbuf.o
    0x08008a0c   0x08008a0c   0x000000b8   Code   RO         6338    i.pbuf_alloc_reference  pbuf.o
    0x08008ac4   0x08008ac4   0x00000042   Code   RO         6339    i.pbuf_alloced_custom  pbuf.o
    0x08008b06   0x08008b06   0x00000002   PAD
    0x08008b08   0x08008b08   0x00000138   Code   RO         6340    i.pbuf_cat          pbuf.o
    0x08008c40   0x08008c40   0x00000014   Code   RO         6342    i.pbuf_clen         pbuf.o
    0x08008c54   0x08008c54   0x000000a0   Code   RO         6343    i.pbuf_clone        pbuf.o
    0x08008cf4   0x08008cf4   0x000001f4   Code   RO         6345    i.pbuf_copy         pbuf.o
    0x08008ee8   0x08008ee8   0x00000128   Code   RO         6346    i.pbuf_copy_partial  pbuf.o
    0x08009010   0x08009010   0x00000160   Code   RO         6348    i.pbuf_free         pbuf.o
    0x08009170   0x08009170   0x00000020   Code   RO         4057    i.pbuf_free_custom  ethernetif.o
    0x08009190   0x08009190   0x00000028   Code   RO         6350    i.pbuf_free_ooseq   pbuf.o
    0x080091b8   0x080091b8   0x00000006   Code   RO         6354    i.pbuf_header_force  pbuf.o
    0x080091be   0x080091be   0x0000000e   Code   RO         6355    i.pbuf_header_impl  pbuf.o
    0x080091cc   0x080091cc   0x00000022   Code   RO         6356    i.pbuf_init_alloced_pbuf  pbuf.o
    0x080091ee   0x080091ee   0x00000002   PAD
    0x080091f0   0x080091f0   0x0000000c   Code   RO         6359    i.pbuf_pool_is_empty  pbuf.o
    0x080091fc   0x080091fc   0x00000138   Code   RO         6361    i.pbuf_realloc      pbuf.o
    0x08009334   0x08009334   0x0000008c   Code   RO         6362    i.pbuf_ref          pbuf.o
    0x080093c0   0x080093c0   0x000000e0   Code   RO         6363    i.pbuf_remove_header  pbuf.o
    0x080094a0   0x080094a0   0x000001a4   Code   RO         5929    i.plug_holes        mem.o
    0x08009644   0x08009644   0x0000000c   Code   RO         5930    i.ptr_to_mem        mem.o
    0x08009650   0x08009650   0x00000050   Code   RO         7257    i.sys_check_timeouts  timeouts.o
    0x080096a0   0x080096a0   0x00000004   Code   RO         4058    i.sys_now           ethernetif.o
    0x080096a4   0x080096a4   0x000000c4   Code   RO         7259    i.sys_timeout       timeouts.o
    0x08009768   0x08009768   0x00000100   Code   RO         7260    i.sys_timeout_abs   timeouts.o
    0x08009868   0x08009868   0x00000024   Code   RO         7261    i.sys_timeouts_init  timeouts.o
    0x0800988c   0x0800988c   0x000001b4   Code   RO         6654    i.tcp_abandon       tcp.o
    0x08009a40   0x08009a40   0x00000006   Code   RO         6655    i.tcp_abort         tcp.o
    0x08009a46   0x08009a46   0x00000002   PAD
    0x08009a48   0x08009a48   0x000000ac   Code   RO         6658    i.tcp_alloc         tcp.o
    0x08009af4   0x08009af4   0x000000a4   Code   RO         6662    i.tcp_close         tcp.o
    0x08009b98   0x08009b98   0x000001cc   Code   RO         6663    i.tcp_close_shutdown  tcp.o
    0x08009d64   0x08009d64   0x000000d8   Code   RO         6664    i.tcp_close_shutdown_fin  tcp.o
    0x08009e3c   0x08009e3c   0x00000190   Code   RO         7092    i.tcp_create_segment  tcp_out.o
    0x08009fcc   0x08009fcc   0x000000bc   Code   RO         6667    i.tcp_eff_send_mss_netif  tcp.o
    0x0800a088   0x0800a088   0x0000025c   Code   RO         7093    i.tcp_enqueue_flags  tcp_out.o
    0x0800a2e4   0x0800a2e4   0x00000074   Code   RO         6669    i.tcp_fasttmr       tcp.o
    0x0800a358   0x0800a358   0x00000090   Code   RO         6670    i.tcp_free          tcp.o
    0x0800a3e8   0x0800a3e8   0x00000148   Code   RO         6999    i.tcp_free_acked_segments  tcp_in.o
    0x0800a530   0x0800a530   0x00000098   Code   RO         6671    i.tcp_free_listen   tcp.o
    0x0800a5c8   0x0800a5c8   0x00000014   Code   RO         6672    i.tcp_free_ooseq    tcp.o
    0x0800a5dc   0x0800a5dc   0x00000028   Code   RO         7000    i.tcp_get_next_optbyte  tcp_in.o
    0x0800a604   0x0800a604   0x0000002c   Code   RO         6673    i.tcp_handle_closepend  tcp.o
    0x0800a630   0x0800a630   0x00000018   Code   RO         6674    i.tcp_init          tcp.o
    0x0800a648   0x0800a648   0x000006a8   Code   RO         7001    i.tcp_input         tcp_in.o
    0x0800acf0   0x0800acf0   0x000000d8   Code   RO         7002    i.tcp_input_delayed_close  tcp_in.o
    0x0800adc8   0x0800adc8   0x000000cc   Code   RO         7094    i.tcp_keepalive     tcp_out.o
    0x0800ae94   0x0800ae94   0x00000050   Code   RO         6675    i.tcp_kill_prio     tcp.o
    0x0800aee4   0x0800aee4   0x000000c0   Code   RO         6676    i.tcp_kill_state    tcp.o
    0x0800afa4   0x0800afa4   0x00000034   Code   RO         6677    i.tcp_kill_timewait  tcp.o
    0x0800afd8   0x0800afd8   0x000000c4   Code   RO         6678    i.tcp_listen_closed  tcp.o
    0x0800b09c   0x0800b09c   0x000001a8   Code   RO         7003    i.tcp_listen_input  tcp_in.o
    0x0800b244   0x0800b244   0x00000050   Code   RO         6681    i.tcp_netif_ip_addr_changed  tcp.o
    0x0800b294   0x0800b294   0x000000c4   Code   RO         6682    i.tcp_netif_ip_addr_changed_pcblist  tcp.o
    0x0800b358   0x0800b358   0x00000098   Code   RO         6686    i.tcp_next_iss      tcp.o
    0x0800b3f0   0x0800b3f0   0x00000118   Code   RO         7004    i.tcp_oos_insert_segment  tcp_in.o
    0x0800b508   0x0800b508   0x0000030c   Code   RO         7095    i.tcp_output        tcp_out.o
    0x0800b814   0x0800b814   0x000000d8   Code   RO         7096    i.tcp_output_alloc_header  tcp_out.o
    0x0800b8ec   0x0800b8ec   0x0000011c   Code   RO         7097    i.tcp_output_alloc_header_common  tcp_out.o
    0x0800ba08   0x0800ba08   0x000000e8   Code   RO         7098    i.tcp_output_control_segment  tcp_out.o
    0x0800baf0   0x0800baf0   0x000000e0   Code   RO         7099    i.tcp_output_fill_options  tcp_out.o
    0x0800bbd0   0x0800bbd0   0x000001f4   Code   RO         7100    i.tcp_output_segment  tcp_out.o
    0x0800bdc4   0x0800bdc4   0x000000ac   Code   RO         7101    i.tcp_output_segment_busy  tcp_out.o
    0x0800be70   0x0800be70   0x000000fc   Code   RO         7005    i.tcp_parseopt      tcp_in.o
    0x0800bf6c   0x0800bf6c   0x000000d0   Code   RO         6687    i.tcp_pcb_purge     tcp.o
    0x0800c03c   0x0800c03c   0x00000194   Code   RO         6688    i.tcp_pcb_remove    tcp.o
    0x0800c1d0   0x0800c1d0   0x00000604   Code   RO         7006    i.tcp_process       tcp_in.o
    0x0800c7d4   0x0800c7d4   0x00000114   Code   RO         6690    i.tcp_process_refused_data  tcp.o
    0x0800c8e8   0x0800c8e8   0x000009da   Code   RO         7007    i.tcp_receive       tcp_in.o
    0x0800d2c2   0x0800d2c2   0x00000002   PAD
    0x0800d2c4   0x0800d2c4   0x000000b4   Code   RO         6692    i.tcp_recv_null     tcp.o
    0x0800d378   0x0800d378   0x00000104   Code   RO         6693    i.tcp_recved        tcp.o
    0x0800d47c   0x0800d47c   0x000000ac   Code   RO         6694    i.tcp_remove_listener  tcp.o
    0x0800d528   0x0800d528   0x000000f4   Code   RO         7103    i.tcp_rexmit        tcp_out.o
    0x0800d61c   0x0800d61c   0x000000f0   Code   RO         7104    i.tcp_rexmit_fast   tcp_out.o
    0x0800d70c   0x0800d70c   0x000000a4   Code   RO         7105    i.tcp_rexmit_rto    tcp_out.o
    0x0800d7b0   0x0800d7b0   0x000000b0   Code   RO         7106    i.tcp_rexmit_rto_commit  tcp_out.o
    0x0800d860   0x0800d860   0x00000114   Code   RO         7107    i.tcp_rexmit_rto_prepare  tcp_out.o
    0x0800d974   0x0800d974   0x00000012   Code   RO         7108    i.tcp_route         tcp_out.o
    0x0800d986   0x0800d986   0x00000002   PAD
    0x0800d988   0x0800d988   0x0000011c   Code   RO         7109    i.tcp_rst           tcp_out.o
    0x0800daa4   0x0800daa4   0x000000b0   Code   RO         6695    i.tcp_seg_copy      tcp.o
    0x0800db54   0x0800db54   0x0000001e   Code   RO         6696    i.tcp_seg_free      tcp.o
    0x0800db72   0x0800db72   0x00000014   Code   RO         6697    i.tcp_segs_free     tcp.o
    0x0800db86   0x0800db86   0x00000002   PAD
    0x0800db88   0x0800db88   0x000000f4   Code   RO         7110    i.tcp_send_empty_ack  tcp_out.o
    0x0800dc7c   0x0800dc7c   0x000000d4   Code   RO         7111    i.tcp_send_fin      tcp_out.o
    0x0800dd50   0x0800dd50   0x0000063c   Code   RO         6701    i.tcp_slowtmr       tcp.o
    0x0800e38c   0x0800e38c   0x0000024c   Code   RO         7112    i.tcp_split_unsent_seg  tcp_out.o
    0x0800e5d8   0x0800e5d8   0x00000034   Code   RO         7264    i.tcp_timer_needed  timeouts.o
    0x0800e60c   0x0800e60c   0x0000010c   Code   RO         7008    i.tcp_timewait_input  tcp_in.o
    0x0800e718   0x0800e718   0x00000024   Code   RO         6703    i.tcp_tmr           tcp.o
    0x0800e73c   0x0800e73c   0x00000010   Code   RO         7009    i.tcp_trigger_input_pcb_close  tcp_in.o
    0x0800e74c   0x0800e74c   0x000000fc   Code   RO         6705    i.tcp_update_rcv_ann_wnd  tcp.o
    0x0800e848   0x0800e848   0x0000014c   Code   RO         7115    i.tcp_zero_window_probe  tcp_out.o
    0x0800e994   0x0800e994   0x00000038   Code   RO         7265    i.tcpip_tcp_timer   timeouts.o
    0x0800e9cc   0x0800e9cc   0x00000018   Code   RO         7356    i.udp_init          udp.o
    0x0800e9e4   0x0800e9e4   0x00000240   Code   RO         7357    i.udp_input         udp.o
    0x0800ec24   0x0800ec24   0x0000011c   Code   RO         7358    i.udp_input_local_match  udp.o
    0x0800ed40   0x0800ed40   0x00000038   Code   RO         7359    i.udp_netif_ip_addr_changed  udp.o
    0x0800ed78   0x0800ed78   0x00000018   Data   RO         3535    .constdata          stm32h7xx_hal_uart.o
    0x0800ed90   0x0800ed90   0x00000010   Data   RO         3901    .constdata          stm32h7xx_hal_uart_ex.o
    0x0800eda0   0x0800eda0   0x00000010   Data   RO         4006    .constdata          system_stm32h7xx.o
    0x0800edb0   0x0800edb0   0x0000000c   Data   RO         4063    .constdata          ethernetif.o
    0x0800edbc   0x0800edbc   0x00000006   Data   RO         5134    .constdata          ethernet.o
    0x0800edc2   0x0800edc2   0x00000006   Data   RO         5135    .constdata          ethernet.o
    0x0800edc8   0x0800edc8   0x0000000c   Data   RO         6020    .constdata          memp.o
    0x0800edd4   0x0800edd4   0x0000000c   Data   RO         6021    .constdata          memp.o
    0x0800ede0   0x0800ede0   0x0000000c   Data   RO         6022    .constdata          memp.o
    0x0800edec   0x0800edec   0x0000000c   Data   RO         6023    .constdata          memp.o
    0x0800edf8   0x0800edf8   0x0000000c   Data   RO         6024    .constdata          memp.o
    0x0800ee04   0x0800ee04   0x0000000c   Data   RO         6025    .constdata          memp.o
    0x0800ee10   0x0800ee10   0x0000000c   Data   RO         6026    .constdata          memp.o
    0x0800ee1c   0x0800ee1c   0x0000000c   Data   RO         6027    .constdata          memp.o
    0x0800ee28   0x0800ee28   0x0000000c   Data   RO         6028    .constdata          memp.o
    0x0800ee34   0x0800ee34   0x00000024   Data   RO         6029    .constdata          memp.o
    0x0800ee58   0x0800ee58   0x00000054   Data   RO         6706    .constdata          tcp.o
    0x0800eeac   0x0800eeac   0x00000018   Data   RO         7266    .constdata          timeouts.o
    0x0800eec4   0x0800eec4   0x00000004   Data   RO         7780    .constdata          ip4_addr.o
    0x0800eec8   0x0800eec8   0x00000075   Data   RO         6707    .conststring        tcp.o
    0x0800ef3d   0x0800ef3d   0x00000003   PAD
    0x0800ef40   0x0800ef40   0x00000055   Data   RO         7116    .conststring        tcp_out.o
    0x0800ef95   0x0800ef95   0x00000003   PAD
    0x0800ef98   0x0800ef98   0x00000041   Data   RO         7545    .conststring        etharp.o
    0x0800efd9   0x0800efd9   0x00000003   PAD
    0x0800efdc   0x0800efdc   0x00000020   Data   RO         8766    Region$$Table       anon$$obj.o


    Execution Region RW_IRAM1 (Exec base: 0x20000000, Load base: 0x0800effc, Size: 0x00000000, Max: 0x00020000, ABSOLUTE)

    **** No section assigned to this execution region ****


    Execution Region RW_IRAM2 (Exec base: 0x24000000, Load base: 0x0800effc, Size: 0x00008028, Max: 0x00080000, ABSOLUTE)

    Exec Addr    Load Addr    Size         Type   Attr      Idx    E Section Name        Object

    0x24000000   0x0800effc   0x0000000c   Data   RW         2568    .data               stm32h7xx_hal.o
    0x2400000c   0x0800f008   0x00000008   Data   RW         4007    .data               system_stm32h7xx.o
    0x24000014   0x0800f010   0x00000018   Data   RW         4064    .data               ethernetif.o
    0x2400002c   0x0800f028   0x00000004   Data   RW         4065    .data               ethernetif.o
    0x24000030   0x0800f02c   0x0000001c   Data   RW         4292    .data               lwip.o
    0x2400004c   0x0800f048   0x0000000c   Data   RW         5931    .data               mem.o
    0x24000058   0x0800f054   0x00000004   Data   RW         6030    .data               memp.o
    0x2400005c   0x0800f058   0x00000004   Data   RW         6031    .data               memp.o
    0x24000060   0x0800f05c   0x00000004   Data   RW         6032    .data               memp.o
    0x24000064   0x0800f060   0x00000004   Data   RW         6033    .data               memp.o
    0x24000068   0x0800f064   0x00000004   Data   RW         6034    .data               memp.o
    0x2400006c   0x0800f068   0x00000004   Data   RW         6035    .data               memp.o
    0x24000070   0x0800f06c   0x00000004   Data   RW         6036    .data               memp.o
    0x24000074   0x0800f070   0x00000004   Data   RW         6037    .data               memp.o
    0x24000078   0x0800f074   0x00000004   Data   RW         6038    .data               memp.o
    0x2400007c   0x0800f078   0x0000000c   Data   RW         6166    .data               netif.o
    0x24000088   0x0800f084   0x00000001   Data   RW         6370    .data               pbuf.o
    0x24000089   0x0800f085   0x00000003   PAD
    0x2400008c   0x0800f088   0x00000020   Data   RW         6708    .data               tcp.o
    0x240000ac   0x0800f0a8   0x00000024   Data   RW         7011    .data               tcp_in.o
    0x240000d0   0x0800f0cc   0x0000000c   Data   RW         7268    .data               timeouts.o
    0x240000dc   0x0800f0d8   0x00000008   Data   RW         7369    .data               udp.o
    0x240000e4   0x0800f0e0   0x00000001   Data   RW         7546    .data               etharp.o
    0x240000e5   0x0800f0e1   0x00000001   PAD
    0x240000e6   0x0800f0e2   0x00000002   Data   RW         7720    .data               ip4.o
    0x240000e8   0x0800f0e4   0x00000008   Data   RW         7857    .data               ip4_frag.o
    0x240000f0   0x0800f0ec   0x00000004   Data   RW         8428    .data               mc_w.l(rand.o)
    0x240000f4   0x0800f0f0   0x00000004   Data   RW         8727    .data               mc_w.l(stdout.o)
    0x240000f8        -       0x00000094   Zero   RW          426    .bss                usart.o
    0x2400018c        -       0x00004983   Zero   RW         4061    .bss                ethernetif.o
    0x24004b0f   0x0800f0f4   0x00000001   PAD
    0x24004b10        -       0x00000108   Zero   RW         4062    .bss                ethernetif.o
    0x24004c18        -       0x00000034   Zero   RW         4291    .bss                lwip.o
    0x24004c4c        -       0x00000018   Zero   RW         5887    .bss                ip.o
    0x24004c64        -       0x00000083   Zero   RW         6011    .bss                memp.o
    0x24004ce7        -       0x0000030f   Zero   RW         6012    .bss                memp.o
    0x24004ff6        -       0x000000e3   Zero   RW         6013    .bss                memp.o
    0x240050d9        -       0x00000103   Zero   RW         6014    .bss                memp.o
    0x240051dc        -       0x000000a3   Zero   RW         6015    .bss                memp.o
    0x2400527f        -       0x0000016b   Zero   RW         6016    .bss                memp.o
    0x240053ea        -       0x00000033   Zero   RW         6017    .bss                memp.o
    0x2400541d        -       0x00000103   Zero   RW         6018    .bss                memp.o
    0x24005520        -       0x00002603   Zero   RW         6019    .bss                memp.o
    0x24007b23   0x0800f0f4   0x00000001   PAD
    0x24007b24        -       0x00000010   Zero   RW         7010    .bss                tcp_in.o
    0x24007b34        -       0x000000f0   Zero   RW         7544    .bss                etharp.o
    0x24007c24   0x0800f0f4   0x00000004   PAD
    0x24007c28        -       0x00000400   Zero   RW            1    STACK               startup_stm32h750xx.o



  Load Region LR$$.ARM.__AT_0x30040000 (Base: 0x30040000, Size: 0x00000000, Max: 0x00000060, ABSOLUTE)

    Execution Region ER$$.ARM.__AT_0x30040000 (Exec base: 0x30040000, Load base: 0x30040000, Size: 0x00000060, Max: 0x00000060, ABSOLUTE, UNINIT)

    Exec Addr    Load Addr    Size         Type   Attr      Idx    E Section Name        Object

    0x30040000        -       0x00000060   Zero   RW         4059    .ARM.__AT_0x30040000  ethernetif.o



  Load Region LR$$.ARM.__AT_0x30040060 (Base: 0x30040060, Size: 0x00000000, Max: 0x00000060, ABSOLUTE)

    Execution Region ER$$.ARM.__AT_0x30040060 (Exec base: 0x30040060, Load base: 0x30040060, Size: 0x00000060, Max: 0x00000060, ABSOLUTE, UNINIT)

    Exec Addr    Load Addr    Size         Type   Attr      Idx    E Section Name        Object

    0x30040060        -       0x00000060   Zero   RW         4060    .ARM.__AT_0x30040060  ethernetif.o


==============================================================================

Image component sizes


      Code (inc. data)   RO Data    RW Data    ZI Data      Debug   Object Name

         0          0          0          0          0       2188   auth.o
         0          0          0          0          0       2010   bridgeif.o
         0          0          0          0          0        376   bridgeif_fdb.o
        34          0          0          0          0       1118   def.o
      3072       1188         65          1        240      13355   etharp.o
       420        152         12          0          0       2922   ethernet.o
      1360        200         12         28      19275      78486   ethernetif.o
        76          6          0          0          0    1261236   gpio.o
       884        350          0          0          0       4970   icmp.o
       184          0          0          0          0      11112   inet_chksum.o
        30          0          0          0          0       4116   init.o
         0          0          0          0         24       7793   ip.o
      1020        182          0          2          0       6020   ip4.o
        80          0          4          0          0       9002   ip4_addr.o
      3142       1166          0          8          0      13502   ip4_frag.o
       444          0          0          0          0       3234   lan8742.o
       402         30          0         28         52       3185   lwip.o
       580         54          0          0          0    1191931   main.o
      2096        932          0         12          0       8274   mem.o
      1026        720        144         36      11967      11798   memp.o
      1850        994          0         12          0      16418   netif.o
      3490       1798          0          1          0      28586   pbuf.o
        36          8        664          0       1024        840   startup_stm32h750xx.o
       216         46          0         12          0      23452   stm32h7xx_hal.o
       354         28          0          0          0      41949   stm32h7xx_hal_cortex.o
      1508         70          0          0          0       3931   stm32h7xx_hal_dma.o
      4032         78          0          0          0      20103   stm32h7xx_hal_eth.o
       556         50          0          0          0       1668   stm32h7xx_hal_gpio.o
        28          6          0          0          0        946   stm32h7xx_hal_msp.o
        84          6          0          0          0        793   stm32h7xx_hal_pwr_ex.o
      2466        102          0          0          0       7212   stm32h7xx_hal_rcc.o
      3736        118          0          0          0       7925   stm32h7xx_hal_rcc_ex.o
      2746        138         24          0          0      31292   stm32h7xx_hal_uart.o
       290          6         16          0          0       5554   stm32h7xx_hal_uart_ex.o
        44         12          0          0          0       5151   stm32h7xx_it.o
       220         40         16          8          0       1514   system_stm32h7xx.o
      6700       3166        201         32          0      40639   tcp.o
      7590       2028          0         36         16      24123   tcp_in.o
      6394       3054         85          0          0      30078   tcp_out.o
       744        370         24         12          0       6962   timeouts.o
       940        356          0          8          0       6238   udp.o
       256         24          0          0        148       1966   usart.o

    ----------------------------------------------------------------------
     59180      17478       1308        240      32752    2943968   Object Totals
         0          0         32          0          0          0   (incl. Generated)
        50          0          9          4          6          0   (incl. Padding)

    ----------------------------------------------------------------------

      Code (inc. data)   RO Data    RW Data    ZI Data      Debug   Library Member Name

         0          0          0          0          0          0   entry.o
         0          0          0          0          0          0   entry10a.o
         0          0          0          0          0          0   entry11a.o
         4          0          0          0          0          0   entry12b.o
         8          4          0          0          0          0   entry2.o
         4          0          0          0          0          0   entry5.o
         0          0          0          0          0          0   entry7b.o
         0          0          0          0          0          0   entry8b.o
         8          4          0          0          0          0   entry9a.o
        18          0          0          0          0         80   fputc.o
        30          0          0          0          0          0   handlers.o
        36          8          0          0          0         68   init.o
         0          0          0          0          0          0   iusesemip.o
        30          0          0          0          0         68   llshl.o
        32          0          0          0          0         68   llushr.o
        26          0          0          0          0         80   memcmp.o
        64          0          0          0          0         76   memmovea.o
        36          0          0          0          0        108   memseta.o
       472         14          0          0          0        184   printf3.o
        36         10          0          4          0        136   rand.o
         0          0          0          0          0          0   semi.o
         0          0          0          4          0          0   stdout.o
        44          0          0          0          0         80   uidiv.o
        98          0          0          0          0         92   uldiv.o

    ----------------------------------------------------------------------
       948         40          0          8          0       1040   Library Totals
         2          0          0          0          0          0   (incl. Padding)

    ----------------------------------------------------------------------

      Code (inc. data)   RO Data    RW Data    ZI Data      Debug   Library Name

       946         40          0          8          0       1040   mc_w.l

    ----------------------------------------------------------------------
       948         40          0          8          0       1040   Library Totals

    ----------------------------------------------------------------------

==============================================================================


      Code (inc. data)   RO Data    RW Data    ZI Data      Debug   

     60128      17518       1308        248      32752    2917996   Grand Totals
     60128      17518       1308        248      32752    2917996   ELF Image Totals
     60128      17518       1308        248          0          0   ROM Totals

==============================================================================

    Total RO  Size (Code + RO Data)                61436 (  60.00kB)
    Total RW  Size (RW Data + ZI Data)             33000 (  32.23kB)
    Total ROM Size (Code + RO Data + RW Data)      61684 (  60.24kB)

==============================================================================

